C:\Users\Allo\Documents\MCUXpressoIDE_11.8.0_1165\workspace\TP3.3\BMP280+afficheur 7 segments (1).zip_expanded\BMP280+afficheur 7 segments\drivers/fsl_clock.h:424:20:CLOCK_EnableClock	24	static
C:\Users\Allo\Documents\MCUXpressoIDE_11.8.0_1165\workspace\TP3.3\BMP280+afficheur 7 segments (1).zip_expanded\BMP280+afficheur 7 segments\drivers/fsl_port.h:243:20:PORT_SetPinConfig	32	static
C:\Users\Allo\Documents\MCUXpressoIDE_11.8.0_1165\workspace\TP3.3\BMP280+afficheur 7 segments (1).zip_expanded\BMP280+afficheur 7 segments\drivers/fsl_port.h:346:20:PORT_SetPinMux	24	static
../board/boards/pin_mux.c:96:6:BOARD_InitBootPins	8	static
../board/boards/pin_mux.c:129:6:BOARD_InitPins	8	static
../board/boards/pin_mux.c:194:6:BOARD_InitLEDsPins	40	static
../board/boards/pin_mux.c:305:6:BOARD_InitButtonsPins	24	static
../board/boards/pin_mux.c:373:6:BOARD_InitTSIPins	16	static
../board/boards/pin_mux.c:452:6:BOARD_InitUSBPins	8	static
../board/boards/pin_mux.c:518:6:BOARD_InitACCEL_I2CPins	16	static
../board/boards/pin_mux.c:604:6:BOARD_InitMAGNET_I2CPins	24	static
../board/boards/pin_mux.c:681:6:BOARD_InitDEBUG_UARTPins	16	static
../board/boards/pin_mux.c:743:6:BOARD_InitTHERPins	16	static
../board/boards/pin_mux.c:819:6:BOARD_InitOSCPins	8	static
