Archive member included to satisfy reference by file (symbol)

c:/nxp/mcuxpressoide_11.8.0_1165/ide/plugins/com.nxp.mcuxpresso.tools.win32_11.8.0.202306131047/tools/bin/../lib/gcc/arm-none-eabi/12.2.1/../../../../arm-none-eabi/lib/thumb/v6-m/nofp\libcr_semihost_nf.a(_cr__main.o)
                              ./startup/startup_mkl27z644.o (__main)
c:/nxp/mcuxpressoide_11.8.0_1165/ide/plugins/com.nxp.mcuxpresso.tools.win32_11.8.0.202306131047/tools/bin/../lib/gcc/arm-none-eabi/12.2.1/../../../../arm-none-eabi/lib/thumb/v6-m/nofp\libcr_semihost_nf.a(_cr_assert.o)
                              ./utilities/fsl_debug_console.o (__assertion_failed)
c:/nxp/mcuxpressoide_11.8.0_1165/ide/plugins/com.nxp.mcuxpresso.tools.win32_11.8.0.202306131047/tools/bin/../lib/gcc/arm-none-eabi/12.2.1/../../../../arm-none-eabi/lib/thumb/v6-m/nofp\libcr_semihost_nf.a(__ciob.o)
                              c:/nxp/mcuxpressoide_11.8.0_1165/ide/plugins/com.nxp.mcuxpresso.tools.win32_11.8.0.202306131047/tools/bin/../lib/gcc/arm-none-eabi/12.2.1/../../../../arm-none-eabi/lib/thumb/v6-m/nofp\libcr_semihost_nf.a(_cr_assert.o) (__Ciob)
c:/nxp/mcuxpressoide_11.8.0_1165/ide/plugins/com.nxp.mcuxpresso.tools.win32_11.8.0.202306131047/tools/bin/../lib/gcc/arm-none-eabi/12.2.1/../../../../arm-none-eabi/lib/thumb/v6-m/nofp\libcr_semihost_nf.a(__sys_appexit.o)
                              c:/nxp/mcuxpressoide_11.8.0_1165/ide/plugins/com.nxp.mcuxpresso.tools.win32_11.8.0.202306131047/tools/bin/../lib/gcc/arm-none-eabi/12.2.1/../../../../arm-none-eabi/lib/thumb/v6-m/nofp\libcr_semihost_nf.a(_cr_assert.o) (__sys_appexit)
c:/nxp/mcuxpressoide_11.8.0_1165/ide/plugins/com.nxp.mcuxpresso.tools.win32_11.8.0.202306131047/tools/bin/../lib/gcc/arm-none-eabi/12.2.1/../../../../arm-none-eabi/lib/thumb/v6-m/nofp\libcr_c.a(memcpy.o)
                              ./utilities/fsl_str.o (memcpy)
c:/nxp/mcuxpressoide_11.8.0_1165/ide/plugins/com.nxp.mcuxpresso.tools.win32_11.8.0.202306131047/tools/bin/../lib/gcc/arm-none-eabi/12.2.1/../../../../arm-none-eabi/lib/thumb/v6-m/nofp\libcr_c.a(memset.o)
                              ./source/bmp280.o (memset)
c:/nxp/mcuxpressoide_11.8.0_1165/ide/plugins/com.nxp.mcuxpresso.tools.win32_11.8.0.202306131047/tools/bin/../lib/gcc/arm-none-eabi/12.2.1/../../../../arm-none-eabi/lib/thumb/v6-m/nofp\libcr_c.a(_deferredlazyseek.o)
                              c:/nxp/mcuxpressoide_11.8.0_1165/ide/plugins/com.nxp.mcuxpresso.tools.win32_11.8.0.202306131047/tools/bin/../lib/gcc/arm-none-eabi/12.2.1/../../../../arm-none-eabi/lib/thumb/v6-m/nofp\libcr_semihost_nf.a(_cr_assert.o) (__flsbuf)
c:/nxp/mcuxpressoide_11.8.0_1165/ide/plugins/com.nxp.mcuxpresso.tools.win32_11.8.0.202306131047/tools/bin/../lib/gcc/arm-none-eabi/12.2.1/../../../../arm-none-eabi/lib/thumb/v6-m/nofp\libcr_c.a(_fflush.o)
                              c:/nxp/mcuxpressoide_11.8.0_1165/ide/plugins/com.nxp.mcuxpresso.tools.win32_11.8.0.202306131047/tools/bin/../lib/gcc/arm-none-eabi/12.2.1/../../../../arm-none-eabi/lib/thumb/v6-m/nofp\libcr_c.a(_deferredlazyseek.o) (_fflush)
c:/nxp/mcuxpressoide_11.8.0_1165/ide/plugins/com.nxp.mcuxpresso.tools.win32_11.8.0.202306131047/tools/bin/../lib/gcc/arm-none-eabi/12.2.1/../../../../arm-none-eabi/lib/thumb/v6-m/nofp\libcr_c.a(_writebuf.o)
                              c:/nxp/mcuxpressoide_11.8.0_1165/ide/plugins/com.nxp.mcuxpresso.tools.win32_11.8.0.202306131047/tools/bin/../lib/gcc/arm-none-eabi/12.2.1/../../../../arm-none-eabi/lib/thumb/v6-m/nofp\libcr_c.a(_deferredlazyseek.o) (_Cwritebuf)
c:/nxp/mcuxpressoide_11.8.0_1165/ide/plugins/com.nxp.mcuxpresso.tools.win32_11.8.0.202306131047/tools/bin/../lib/gcc/arm-none-eabi/12.2.1/../../../../arm-none-eabi/lib/thumb/v6-m/nofp\libcr_c.a(alloc.o)
                              ./drivers/fsl_common.o (malloc)
c:/nxp/mcuxpressoide_11.8.0_1165/ide/plugins/com.nxp.mcuxpresso.tools.win32_11.8.0.202306131047/tools/bin/../lib/gcc/arm-none-eabi/12.2.1/../../../../arm-none-eabi/lib/thumb/v6-m/nofp\libcr_c.a(fpprintf.o)
                              ./source/temperature.o (sprintf)
c:/nxp/mcuxpressoide_11.8.0_1165/ide/plugins/com.nxp.mcuxpresso.tools.win32_11.8.0.202306131047/tools/bin/../lib/gcc/arm-none-eabi/12.2.1/../../../../arm-none-eabi/lib/thumb/v6-m/nofp\libcr_c.a(fputs.o)
                              c:/nxp/mcuxpressoide_11.8.0_1165/ide/plugins/com.nxp.mcuxpresso.tools.win32_11.8.0.202306131047/tools/bin/../lib/gcc/arm-none-eabi/12.2.1/../../../../arm-none-eabi/lib/thumb/v6-m/nofp\libcr_semihost_nf.a(_cr_assert.o) (fputs)
c:/nxp/mcuxpressoide_11.8.0_1165/ide/plugins/com.nxp.mcuxpresso.tools.win32_11.8.0.202306131047/tools/bin/../lib/gcc/arm-none-eabi/12.2.1/../../../../arm-none-eabi/lib/thumb/v6-m/nofp\libcr_c.a(fseek.o)
                              c:/nxp/mcuxpressoide_11.8.0_1165/ide/plugins/com.nxp.mcuxpresso.tools.win32_11.8.0.202306131047/tools/bin/../lib/gcc/arm-none-eabi/12.2.1/../../../../arm-none-eabi/lib/thumb/v6-m/nofp\libcr_c.a(_deferredlazyseek.o) (fseek)
[...]
Memory Configuration

Name             Origin             Length             Attributes
PROGRAM_FLASH    0x00000000         0x00010000         xr
SRAM             0x1ffff000         0x00004000         xrw
USB_RAM          0x400fe000         0x00000200         xrw
*default*        0x00000000         0xffffffff

Linker script and memory map

LOAD ./utilities/fsl_debug_console.o
LOAD ./utilities/fsl_str.o
LOAD ./startup/startup_mkl27z644.o
LOAD ./source/delay/delay.o
LOAD ./source/LiquidCrystal_I2C.o
LOAD ./source/bmp280.o
LOAD ./source/mtb.o
LOAD ./source/semihost_hardfault.o
LOAD ./source/temperature.o
LOAD ./drivers/fsl_clock.o
LOAD ./drivers/fsl_common.o
LOAD ./drivers/fsl_gpio.o
LOAD ./drivers/fsl_i2c.o
LOAD ./drivers/fsl_lpuart.o
LOAD ./drivers/fsl_smc.o
LOAD ./drivers/fsl_tpm.o
LOAD ./drivers/fsl_uart.o
LOAD ./device/system_MKL27Z644.o
LOAD ./component/uart/lpuart_adapter.o
LOAD ./component/serial_manager/serial_manager.o
LOAD ./component/serial_manager/serial_port_uart.o
LOAD ./component/lists/generic_list.o
LOAD ./board/boards/board.o
LOAD ./board/boards/clock_config.o
LOAD ./board/boards/peripherals.o
LOAD ./board/boards/pin_mux.o
START GROUP
LOAD c:/nxp/mcuxpressoide_11.8.0_1165/ide/plugins/com.nxp.mcuxpresso.tools.win32_11.8.0.202306131047/tools/bin/../lib/gcc/arm-none-eabi/12.2.1/../../../../arm-none-eabi/lib/thumb/v6-m/nofp\libcr_semihost_nf.a
LOAD c:/nxp/mcuxpressoide_11.8.0_1165/ide/plugins/com.nxp.mcuxpresso.tools.win32_11.8.0.202306131047/tools/bin/../lib/gcc/arm-none-eabi/12.2.1/../../../../arm-none-eabi/lib/thumb/v6-m/nofp\libcr_c.a
LOAD c:/nxp/mcuxpressoide_11.8.0_1165/ide/plugins/com.nxp.mcuxpresso.tools.win32_11.8.0.202306131047/tools/bin/../lib/gcc/arm-none-eabi/12.2.1/thumb/v6-m/nofp\libcr_eabihelpers.a
LOAD c:/nxp/mcuxpressoide_11.8.0_1165/ide/plugins/com.nxp.mcuxpresso.tools.win32_11.8.0.202306131047/tools/bin/../lib/gcc/arm-none-eabi/12.2.1/thumb/v6-m/nofp\libgcc.a
END GROUP
                0x00000000                __base_PROGRAM_FLASH = 0x0
                0x00000000                __base_Flash = 0x0
                0x00010000                __top_PROGRAM_FLASH = 0x10000
                0x00010000                __top_Flash = 0x10000
                0x1ffff000                __base_SRAM = 0x1ffff000
                0x1ffff000                __base_RAM = 0x1ffff000
                0x20003000                __top_SRAM = 0x20003000
                0x20003000                __top_RAM = 0x20003000
                0x400fe000                __base_USB_RAM = 0x400fe000
                0x400fe000                __base_RAM2 = 0x400fe000
                0x400fe200                __top_USB_RAM = 0x400fe200
                0x400fe200                __top_RAM2 = 0x400fe200

.text           0x00000000     0x65c0
 FILL mask 0xff
                0x00000000                __vectors_start__ = ABSOLUTE (.)
 *(SORT_BY_ALIGNMENT(.isr_vector))
 .isr_vector    0x00000000       0xc0 ./startup/startup_mkl27z644.o
                0x00000000                g_pfnVectors
                0x00000000                __Vectors
                0x000000c0                . = ALIGN (0x4)
                0x000000c0                __section_table_start = .
                0x000000c0                __data_section_table = .
                0x000000c0        0x4 LONG 0x65c0 LOADADDR (.data)
                0x000000c4        0x4 LONG 0x1ffff080 ADDR (.data)
                0x000000c8        0x4 LONG 0x8 SIZEOF (.data)
                0x000000cc        0x4 LONG 0x65c0 LOADADDR (.data_RAM2)
                0x000000d0        0x4 LONG 0x400fe000 ADDR (.data_RAM2)
                0x000000d4        0x4 LONG 0x0 SIZEOF (.data_RAM2)
                0x000000d8                __data_section_table_end = .
                0x000000d8                __bss_section_table = .
                0x000000d8        0x4 LONG 0x1ffff088 ADDR (.bss)
                0x000000dc        0x4 LONG 0x140 SIZEOF (.bss)
                0x000000e0        0x4 LONG 0x400fe000 ADDR (.bss_RAM2)
                0x000000e4        0x4 LONG 0x0 SIZEOF (.bss_RAM2)
                0x000000e8                __bss_section_table_end = .
                0x000000e8                __section_table_end = .
 *(SORT_BY_ALIGNMENT(.after_vectors*))
 .after_vectors.reset
                0x000000e8       0x4c ./startup/startup_mkl27z644.o
                0x000000e8                ResetISR
 .after_vectors.init_data
                0x00000134       0x12 ./startup/startup_mkl27z644.o
                0x00000134                data_init
 .after_vectors.init_bss
                0x00000146       0x10 ./startup/startup_mkl27z644.o
                0x00000146                bss_init
 .after_vectors
                0x00000156      0x10c ./startup/startup_mkl27z644.o
                0x00000156                NMI_Handler
                0x0000015a                SVC_Handler
                0x0000015c                PendSV_Handler
                0x00000160                DMA0_DriverIRQHandler
                0x00000160                PIT_DriverIRQHandler
                0x00000160                SPI1_DriverIRQHandler
                0x00000160                LPTMR0_DriverIRQHandler
                0x00000160                Reserved43_DriverIRQHandler
                0x00000160                Reserved42_DriverIRQHandler
                0x00000160                Reserved39_DriverIRQHandler
                0x00000160                DMA2_DriverIRQHandler
                0x00000160                CMP0_DriverIRQHandler
                0x00000160                TPM2_DriverIRQHandler
                0x00000160                ADC0_DriverIRQHandler
                0x00000160                SPI0_DriverIRQHandler
                0x00000160                RTC_Seconds_DriverIRQHandler
                0x00000160                LLWU_DriverIRQHandler
                0x00000160                Reserved45_DriverIRQHandler
                0x00000160                DMA1_DriverIRQHandler
                0x00000160                PMC_DriverIRQHandler
                0x00000160                PORTB_PORTC_PORTD_PORTE_DriverIRQHandler
                0x00000160                RTC_DriverIRQHandler
                0x00000160                FTFA_DriverIRQHandler
                0x00000160                IntDefaultHandler
                0x00000160                USB0_DriverIRQHandler
                0x00000160                Reserved41_DriverIRQHandler
                0x00000160                TPM0_DriverIRQHandler
                0x00000160                TPM1_DriverIRQHandler
                0x00000160                PORTA_DriverIRQHandler
                0x00000160                UART2_FLEXIO_DriverIRQHandler
                0x00000160                Reserved20_DriverIRQHandler
                0x00000160                DMA3_DriverIRQHandler
                0x00000162                DMA0_IRQHandler
                0x0000016a                DMA1_IRQHandler
                0x00000172                DMA2_IRQHandler
                0x0000017a                DMA3_IRQHandler
                0x00000182                Reserved20_IRQHandler
                0x0000018a                FTFA_IRQHandler
                0x00000192                PMC_IRQHandler
                0x0000019a                LLWU_IRQHandler
                0x000001a2                I2C0_IRQHandler
                0x000001aa                I2C1_IRQHandler
                0x000001b2                SPI0_IRQHandler
                0x000001ba                SPI1_IRQHandler
                0x000001c2                LPUART0_IRQHandler
                0x000001ca                LPUART1_IRQHandler
                0x000001d2                UART2_FLEXIO_IRQHandler
                0x000001da                ADC0_IRQHandler
                0x000001e2                CMP0_IRQHandler
                0x000001ea                TPM0_IRQHandler
                0x000001f2                TPM1_IRQHandler
                0x000001fa                TPM2_IRQHandler
                0x00000202                RTC_IRQHandler
                0x0000020a                RTC_Seconds_IRQHandler
                0x00000212                PIT_IRQHandler
                0x0000021a                Reserved39_IRQHandler
                0x00000222                USB0_IRQHandler
                0x0000022a                Reserved41_IRQHandler
                0x00000232                Reserved42_IRQHandler
                0x0000023a                Reserved43_IRQHandler
                0x00000242                LPTMR0_IRQHandler
                0x0000024a                Reserved45_IRQHandler
                0x00000252                PORTA_IRQHandler
                0x0000025a                PORTB_PORTC_PORTD_PORTE_IRQHandler
                0x00000400                . = 0x400
 *fill*         0x00000262      0x19e ff
                0x00000400                PROVIDE (__FLASH_CONFIG_START__ = .)
 *(SORT_BY_ALIGNMENT(.FlashConfig))
 .FlashConfig   0x00000400       0x10 ./startup/startup_mkl27z644.o
                0x00000400                Flash_Config
                0x00000410                PROVIDE (__FLASH_CONFIG_END__ = .)
                0x00000001                ASSERT (! ((__FLASH_CONFIG_START__ == __FLASH_CONFIG_END__)), Linker Flash Config Support Enabled, but no .FlashConfig section provided within application)
 *(SORT_BY_ALIGNMENT(.text*))
 .text.delayMicroseconds
                0x00000410       0x28 ./source/delay/delay.o
                0x00000410                delayMicroseconds
 .text.delay_ms
                0x00000438       0x2c ./source/delay/delay.o
                0x00000438                delay_ms
 .text.begin    0x00000464       0xa8 ./source/LiquidCrystal_I2C.o
                0x00000464                begin
 .text.setCursor
                0x0000050c       0x64 ./source/LiquidCrystal_I2C.o
                0x0000050c                setCursor
 .text.display  0x00000570       0x2c ./source/LiquidCrystal_I2C.o
                0x00000570                display
 .text.cursor   0x0000059c       0x2c ./source/LiquidCrystal_I2C.o
                0x0000059c                cursor
 .text.backlight
                0x000005c8       0x1c ./source/LiquidCrystal_I2C.o
                0x000005c8                backlight
 .text.expanderWrite
                0x000005e4       0x84 ./source/LiquidCrystal_I2C.o
                0x000005e4                expanderWrite
 .text.bmp280_get_comp_temp_32bit
                0x00000668       0xf4 ./source/bmp280.o
                0x00000668                bmp280_get_comp_temp_32bit
 .text.bmp280_get_comp_temp_double
                0x0000075c      0x1b4 ./source/bmp280.o
                0x0000075c                bmp280_get_comp_temp_double
 .text.conf_sensor
                0x00000910      0x1c0 ./source/bmp280.o
 .text.st_check_boundaries
                0x00000ad0       0x84 ./source/bmp280.o
 .text.HardFault_Handler
                0x00000b54       0x30 ./source/semihost_hardfault.o
                0x00000b54                HardFault_Handler
 .text.__NVIC_SetPriority
                0x00000b84       0xdc ./source/temperature.o
 .text.SysTick_Config
                0x00000c60       0x48 ./source/temperature.o
 .text.SysTick_Handler
                0x00000ca8       0x20 ./source/temperature.o
                0x00000ca8                SysTick_Handler
 .text.SysTick_DelayTicks
                0x00000cc8       0x28 ./source/temperature.o
                0x00000cc8                SysTick_DelayTicks
 .text.i2c_reg_write
                0x00000cf0       0xf4 ./source/temperature.o
                0x00000cf0                i2c_reg_write
 .text.i2c_reg_read
                0x00000de4       0xf4 ./source/temperature.o
                0x00000de4                i2c_reg_read
 .text.print_rslt
                0x00000ed8       0xc4 ./source/temperature.o
                0x00000ed8                print_rslt
 .text.initializeBMP
                0x00000f9c       0xec ./source/temperature.o
                0x00000f9c                initializeBMP
 .text.initializeLCD
                0x00001088       0x94 ./source/temperature.o
                0x00001088                initializeLCD
 .text.initGPIO
                0x0000111c       0x68 ./source/temperature.o
                0x0000111c                initGPIO
 .text.resultBMP
                0x00001184      0x190 ./source/temperature.o
                0x00001184                resultBMP
 .text.CLOCK_EnableClock
                0x00001314       0x34 ./drivers/fsl_clock.o
 .text.CLOCK_DisableClock
                0x00001348       0x38 ./drivers/fsl_clock.o
 .text.CLOCK_SetEr32kClock
                0x00001380       0x34 ./drivers/fsl_clock.o
 .text.CLOCK_GetLircClkFreq
                0x000013b4       0x50 ./drivers/fsl_clock.o
 .text.CLOCK_GetOscRangeFromFreq
                0x00001404       0x4c ./drivers/fsl_clock.o
 .text.CLOCK_GetOsc0ErClkFreq
                0x00001450       0x44 ./drivers/fsl_clock.o
                0x00001450                CLOCK_GetOsc0ErClkFreq
 .text.CLOCK_GetEr32kClkFreq
                0x00001494       0x78 ./drivers/fsl_clock.o
                0x00001494                CLOCK_GetEr32kClkFreq
 .text.CLOCK_GetFreq
                0x0000150c       0xc0 ./drivers/fsl_clock.o
                0x0000150c                CLOCK_GetFreq
 .text.CLOCK_SetSimConfig
                0x000015cc       0x2c ./drivers/fsl_clock.o
                0x000015cc                CLOCK_SetSimConfig
 .text.CLOCK_EnableUsbfs0Clock
                0x000015f8       0x9c ./drivers/fsl_clock.o
                0x000015f8                CLOCK_EnableUsbfs0Clock
 .text.CLOCK_GetInternalRefClkFreq
                0x00001694       0x48 ./drivers/fsl_clock.o
                0x00001694                CLOCK_GetInternalRefClkFreq
 .text.CLOCK_GetPeriphClkFreq
                0x000016dc       0x3c ./drivers/fsl_clock.o
                0x000016dc                CLOCK_GetPeriphClkFreq
 .text.CLOCK_GetOutClkFreq
                0x00001718       0x7c ./drivers/fsl_clock.o
                0x00001718                CLOCK_GetOutClkFreq
 .text.CLOCK_SetMcgliteConfig
                0x00001794      0x110 ./drivers/fsl_clock.o
                0x00001794                CLOCK_SetMcgliteConfig
 .text.CLOCK_InitOsc0
                0x000018a4       0x94 ./drivers/fsl_clock.o
                0x000018a4                CLOCK_InitOsc0
 .text.GPIO_PinInit
                0x00001938       0x68 ./drivers/fsl_gpio.o
                0x00001938                GPIO_PinInit
 .text.CLOCK_EnableClock
                0x000019a0       0x34 ./drivers/fsl_i2c.o
 .text.I2C_GetInstance
                0x000019d4       0x4c ./drivers/fsl_i2c.o
                0x000019d4                I2C_GetInstance
 .text.I2C_CheckAndClearError
                0x00001a20       0x40 ./drivers/fsl_i2c.o
 .text.I2C_TransferCommonIRQHandler
                0x00001a60       0x64 ./drivers/fsl_i2c.o
 .text.I2C_MasterInit
                0x00001ac4      0x108 ./drivers/fsl_i2c.o
                0x00001ac4                I2C_MasterInit
 .text.I2C_MasterSetBaudRate
                0x00001bcc       0xf8 ./drivers/fsl_i2c.o
                0x00001bcc                I2C_MasterSetBaudRate
 .text.I2C_MasterStart
                0x00001cc4       0x84 ./drivers/fsl_i2c.o
                0x00001cc4                I2C_MasterStart
 .text.I2C_MasterRepeatedStart
                0x00001d48       0xcc ./drivers/fsl_i2c.o
                0x00001d48                I2C_MasterRepeatedStart
 .text.I2C_MasterWriteBlocking
                0x00001e14       0xec ./drivers/fsl_i2c.o
                0x00001e14                I2C_MasterWriteBlocking
 .text.I2C_MasterTransferBlocking
                0x00001f00      0x27c ./drivers/fsl_i2c.o
                0x00001f00                I2C_MasterTransferBlocking
 .text.I2C0_DriverIRQHandler
                0x0000217c       0x20 ./drivers/fsl_i2c.o
                0x0000217c                I2C0_DriverIRQHandler
 .text.I2C1_DriverIRQHandler
                0x0000219c       0x20 ./drivers/fsl_i2c.o
                0x0000219c                I2C1_DriverIRQHandler
 .text.LPUART0_DriverIRQHandler
                0x000021bc       0x24 ./drivers/fsl_lpuart.o
                0x000021bc                LPUART0_DriverIRQHandler
 .text.LPUART1_DriverIRQHandler
                0x000021e0       0x24 ./drivers/fsl_lpuart.o
                0x000021e0                LPUART1_DriverIRQHandler
 .text.SystemInit
                0x00002204       0x40 ./device/system_MKL27Z644.o
                0x00002204                SystemInit
 .text.CLOCK_SetLpuart0Clock
                0x00002244       0x38 ./board/boards/board.o
 .text.CLOCK_SetLpuart0Clock
                0x0000227c       0x38 ./board/boards/clock_config.o
 .text.CLOCK_SetLpuart1Clock
                0x000022b4       0x38 ./board/boards/clock_config.o
 .text.CLOCK_SetTpmClock
                0x000022ec       0x38 ./board/boards/clock_config.o
 .text.CLOCK_SetFlexio0Clock
                0x00002324       0x38 ./board/boards/clock_config.o
 .text.CLOCK_SetClkOutClock
                0x0000235c       0x34 ./board/boards/clock_config.o
 .text.CLOCK_SetRtcClkOutClock
                0x00002390       0x34 ./board/boards/clock_config.o
 .text.CLOCK_SetSimSafeDivs
                0x000023c4       0x20 ./board/boards/clock_config.o
 .text.CLOCK_SetXtal0Freq
                0x000023e4       0x1c ./board/boards/clock_config.o
 .text.BOARD_BootClockRUN
                0x00002400       0x7c ./board/boards/clock_config.o
                0x00002400                BOARD_BootClockRUN
 .text.I2C0_init
                0x0000247c       0x24 ./board/boards/peripherals.o
 .text.CLOCK_EnableClock
                0x000024a0       0x34 ./board/boards/pin_mux.o
 .text.PORT_SetPinConfig
                0x000024d4       0x38 ./board/boards/pin_mux.o
 .text.PORT_SetPinMux
                0x0000250c       0x40 ./board/boards/pin_mux.o
 .text.BOARD_InitPins
                0x0000254c       0xc0 ./board/boards/pin_mux.o
                0x0000254c                BOARD_InitPins
 .text.BOARD_InitLEDsPins
                0x0000260c      0x154 ./board/boards/pin_mux.o
                0x0000260c                BOARD_InitLEDsPins
 .text.BOARD_InitDEBUG_UARTPins
                0x00002760       0x7c ./board/boards/pin_mux.o
                0x00002760                BOARD_InitDEBUG_UARTPins
 .text.__assertion_failed
                0x000027dc       0x50 c:/nxp/mcuxpressoide_11.8.0_1165/ide/plugins/com.nxp.mcuxpresso.tools.win32_11.8.0.202306131047/tools/bin/../lib/gcc/arm-none-eabi/12.2.1/../../../../arm-none-eabi/lib/thumb/v6-m/nofp\libcr_semihost_nf.a(_cr_assert.o)
                0x000027dc                __assertion_failed
 .text.__sys_appexit
                0x0000282c        0xc c:/nxp/mcuxpressoide_11.8.0_1165/ide/plugins/com.nxp.mcuxpresso.tools.win32_11.8.0.202306131047/tools/bin/../lib/gcc/arm-none-eabi/12.2.1/../../../../arm-none-eabi/lib/thumb/v6-m/nofp\libcr_semihost_nf.a(__sys_appexit.o)
                0x0000282c                __sys_appexit
                0x0000282c                __exit
 .text._deferredlazyseek
                0x00002838       0x40 c:/nxp/mcuxpressoide_11.8.0_1165/ide/plugins/com.nxp.mcuxpresso.tools.win32_11.8.0.202306131047/tools/bin/../lib/gcc/arm-none-eabi/12.2.1/../../../../arm-none-eabi/lib/thumb/v6-m/nofp\libcr_c.a(_deferredlazyseek.o)
                0x00002838                _deferredlazyseek
 .text.__flsbuf
                0x00002878      0x150 c:/nxp/mcuxpressoide_11.8.0_1165/ide/plugins/com.nxp.mcuxpresso.tools.win32_11.8.0.202306131047/tools/bin/../lib/gcc/arm-none-eabi/12.2.1/../../../../arm-none-eabi/lib/thumb/v6-m/nofp\libcr_c.a(_deferredlazyseek.o)
                0x00002878                __flsbuf
 .text._fflush  0x000029c8       0x5c c:/nxp/mcuxpressoide_11.8.0_1165/ide/plugins/com.nxp.mcuxpresso.tools.win32_11.8.0.202306131047/tools/bin/../lib/gcc/arm-none-eabi/12.2.1/../../../../arm-none-eabi/lib/thumb/v6-m/nofp\libcr_c.a(_fflush.o)
                0x000029c8                _fflush
 .text._Cwritebuf
                0x00002a24       0x68 c:/nxp/mcuxpressoide_11.8.0_1165/ide/plugins/com.nxp.mcuxpresso.tools.win32_11.8.0.202306131047/tools/bin/../lib/gcc/arm-none-eabi/12.2.1/../../../../arm-none-eabi/lib/thumb/v6-m/nofp\libcr_c.a(_writebuf.o)
                0x00002a24                _Cwritebuf
 .text.malloc   0x00002a8c       0xdc c:/nxp/mcuxpressoide_11.8.0_1165/ide/plugins/com.nxp.mcuxpresso.tools.win32_11.8.0.202306131047/tools/bin/../lib/gcc/arm-none-eabi/12.2.1/../../../../arm-none-eabi/lib/thumb/v6-m/nofp\libcr_c.a(alloc.o)
                0x00002a8c                malloc
 .text._Csys_alloc
                0x00002b68       0x20 c:/nxp/mcuxpressoide_11.8.0_1165/ide/plugins/com.nxp.mcuxpresso.tools.win32_11.8.0.202306131047/tools/bin/../lib/gcc/arm-none-eabi/12.2.1/../../../../arm-none-eabi/lib/thumb/v6-m/nofp\libcr_c.a(alloc.o)
                0x00002b68                _Csys_alloc
 .text.sprintf  0x00002b88       0x68 c:/nxp/mcuxpressoide_11.8.0_1165/ide/plugins/com.nxp.mcuxpresso.tools.win32_11.8.0.202306131047/tools/bin/../lib/gcc/arm-none-eabi/12.2.1/../../../../arm-none-eabi/lib/thumb/v6-m/nofp\libcr_c.a(fpprintf.o)
                0x00002b88                sprintf
 .text.fp_display
                0x00002bf0      0xa10 c:/nxp/mcuxpressoide_11.8.0_1165/ide/plugins/com.nxp.mcuxpresso.tools.win32_11.8.0.202306131047/tools/bin/../lib/gcc/arm-none-eabi/12.2.1/../../../../arm-none-eabi/lib/thumb/v6-m/nofp\libcr_c.a(fpprintf.o)
 .text.vsnprintf
                0x00003600       0x70 c:/nxp/mcuxpressoide_11.8.0_1165/ide/plugins/com.nxp.mcuxpresso.tools.win32_11.8.0.202306131047/tools/bin/../lib/gcc/arm-none-eabi/12.2.1/../../../../arm-none-eabi/lib/thumb/v6-m/nofp\libcr_c.a(fpprintf.o)
                0x00003600                vsnprintf
 .text.printf   0x00003670       0x50 c:/nxp/mcuxpressoide_11.8.0_1165/ide/plugins/com.nxp.mcuxpresso.tools.win32_11.8.0.202306131047/tools/bin/../lib/gcc/arm-none-eabi/12.2.1/../../../../arm-none-eabi/lib/thumb/v6-m/nofp\libcr_c.a(fpprintf.o)
                0x00003670                printf
 .text.fseek    0x000036c0       0xec c:/nxp/mcuxpressoide_11.8.0_1165/ide/plugins/com.nxp.mcuxpresso.tools.win32_11.8.0.202306131047/tools/bin/../lib/gcc/arm-none-eabi/12.2.1/../../../../arm-none-eabi/lib/thumb/v6-m/nofp\libcr_c.a(fseek.o)
                0x000036c0                fseek
 .text.ftell    0x000037ac       0x4c c:/nxp/mcuxpressoide_11.8.0_1165/ide/plugins/com.nxp.mcuxpresso.tools.win32_11.8.0.202306131047/tools/bin/../lib/gcc/arm-none-eabi/12.2.1/../../../../arm-none-eabi/lib/thumb/v6-m/nofp\libcr_c.a(ftell.o)
                0x000037ac                ftell
 .text._initio  0x000037f8       0x7c c:/nxp/mcuxpressoide_11.8.0_1165/ide/plugins/com.nxp.mcuxpresso.tools.win32_11.8.0.202306131047/tools/bin/../lib/gcc/arm-none-eabi/12.2.1/../../../../arm-none-eabi/lib/thumb/v6-m/nofp\libcr_c.a(initio.o)
                0x000037f8                _initio
 .text.__vfprintf
                0x00003874      0xd88 c:/nxp/mcuxpressoide_11.8.0_1165/ide/plugins/com.nxp.mcuxpresso.tools.win32_11.8.0.202306131047/tools/bin/../lib/gcc/arm-none-eabi/12.2.1/../../../../arm-none-eabi/lib/thumb/v6-m/nofp\libcr_c.a(printf.o)
                0x00003874                __vfprintf
 .text.setvbuf  0x000045fc       0x4c c:/nxp/mcuxpressoide_11.8.0_1165/ide/plugins/com.nxp.mcuxpresso.tools.win32_11.8.0.202306131047/tools/bin/../lib/gcc/arm-none-eabi/12.2.1/../../../../arm-none-eabi/lib/thumb/v6-m/nofp\libcr_c.a(setvbuf.o)
                0x000045fc                setvbuf
 .text.strlen   0x00004648       0x5c c:/nxp/mcuxpressoide_11.8.0_1165/ide/plugins/com.nxp.mcuxpresso.tools.win32_11.8.0.202306131047/tools/bin/../lib/gcc/arm-none-eabi/12.2.1/../../../../arm-none-eabi/lib/thumb/v6-m/nofp\libcr_c.a(strlen.o)
                0x00004648                strlen
 .text._sbrk    0x000046a4       0x44 c:/nxp/mcuxpressoide_11.8.0_1165/ide/plugins/com.nxp.mcuxpresso.tools.win32_11.8.0.202306131047/tools/bin/../lib/gcc/arm-none-eabi/12.2.1/../../../../arm-none-eabi/lib/thumb/v6-m/nofp\libcr_c.a(_cr_sbrk.o)
                0x000046a4                _sbrk
 .text._fdopen  0x000046e8       0x74 c:/nxp/mcuxpressoide_11.8.0_1165/ide/plugins/com.nxp.mcuxpresso.tools.win32_11.8.0.202306131047/tools/bin/../lib/gcc/arm-none-eabi/12.2.1/../../../../arm-none-eabi/lib/thumb/v6-m/nofp\libcr_c.a(_fdopen.o)
                0x000046e8                _fdopen
 .text._frexpl  0x0000475c       0x80 c:/nxp/mcuxpressoide_11.8.0_1165/ide/plugins/com.nxp.mcuxpresso.tools.win32_11.8.0.202306131047/tools/bin/../lib/gcc/arm-none-eabi/12.2.1/../../../../arm-none-eabi/lib/thumb/v6-m/nofp\libcr_c.a(_frexpl.o)
                0x0000475c                _frexpl
 .text._ldexpl  0x000047dc       0x58 c:/nxp/mcuxpressoide_11.8.0_1165/ide/plugins/com.nxp.mcuxpresso.tools.win32_11.8.0.202306131047/tools/bin/../lib/gcc/arm-none-eabi/12.2.1/../../../../arm-none-eabi/lib/thumb/v6-m/nofp\libcr_c.a(_ldexpl.o)
                0x000047dc                _ldexpl
 .text.fclose   0x00004834       0x5c c:/nxp/mcuxpressoide_11.8.0_1165/ide/plugins/com.nxp.mcuxpresso.tools.win32_11.8.0.202306131047/tools/bin/../lib/gcc/arm-none-eabi/12.2.1/../../../../arm-none-eabi/lib/thumb/v6-m/nofp\libcr_c.a(fclose.o)
                0x00004834                fclose
 .text.fflush   0x00004890       0x40 c:/nxp/mcuxpressoide_11.8.0_1165/ide/plugins/com.nxp.mcuxpresso.tools.win32_11.8.0.202306131047/tools/bin/../lib/gcc/arm-none-eabi/12.2.1/../../../../arm-none-eabi/lib/thumb/v6-m/nofp\libcr_c.a(fflush.o)
                0x00004890                fflush
 .text.__check_heap_overflow
                0x000048d0       0x18 c:/nxp/mcuxpressoide_11.8.0_1165/ide/plugins/com.nxp.mcuxpresso.tools.win32_11.8.0.202306131047/tools/bin/../lib/gcc/arm-none-eabi/12.2.1/../../../../arm-none-eabi/lib/thumb/v6-m/nofp\libcr_c.a(_cr_check_heap.o)
                0x000048d0                __check_heap_overflow
 .text._do_fflush
                0x000048e8       0x48 c:/nxp/mcuxpressoide_11.8.0_1165/ide/plugins/com.nxp.mcuxpresso.tools.win32_11.8.0.202306131047/tools/bin/../lib/gcc/arm-none-eabi/12.2.1/../../../../arm-none-eabi/lib/thumb/v6-m/nofp\libcr_c.a(_do_fflush.o)
                0x000048e8                _do_fflush
 .text.__aeabi_dmul
                0x00004930      0x194 c:/nxp/mcuxpressoide_11.8.0_1165/ide/plugins/com.nxp.mcuxpresso.tools.win32_11.8.0.202306131047/tools/bin/../lib/gcc/arm-none-eabi/12.2.1/thumb/v6-m/nofp\libcr_eabihelpers.a(double.o)
                0x00004930                __aeabi_dmul
 .text.__aeabi_ddiv
                0x00004ac4      0x164 c:/nxp/mcuxpressoide_11.8.0_1165/ide/plugins/com.nxp.mcuxpresso.tools.win32_11.8.0.202306131047/tools/bin/../lib/gcc/arm-none-eabi/12.2.1/thumb/v6-m/nofp\libcr_eabihelpers.a(double.o)
                0x00004ac4                __aeabi_ddiv
 .text.__aeabi_dsub
                0x00004c28      0x1d4 c:/nxp/mcuxpressoide_11.8.0_1165/ide/plugins/com.nxp.mcuxpresso.tools.win32_11.8.0.202306131047/tools/bin/../lib/gcc/arm-none-eabi/12.2.1/thumb/v6-m/nofp\libcr_eabihelpers.a(double.o)
                0x00004c28                __aeabi_dsub
 .text.__aeabi_dadd
                0x00004dfc      0x150 c:/nxp/mcuxpressoide_11.8.0_1165/ide/plugins/com.nxp.mcuxpresso.tools.win32_11.8.0.202306131047/tools/bin/../lib/gcc/arm-none-eabi/12.2.1/thumb/v6-m/nofp\libcr_eabihelpers.a(double.o)
                0x00004dfc                __aeabi_dadd
 .text.__aeabi_d2iz
                0x00004f4c       0x50 c:/nxp/mcuxpressoide_11.8.0_1165/ide/plugins/com.nxp.mcuxpresso.tools.win32_11.8.0.202306131047/tools/bin/../lib/gcc/arm-none-eabi/12.2.1/thumb/v6-m/nofp\libcr_eabihelpers.a(double.o)
                0x00004f4c                __aeabi_d2iz
 .text.__aeabi_dcmpeq
                0x00004f9c       0x40 c:/nxp/mcuxpressoide_11.8.0_1165/ide/plugins/com.nxp.mcuxpresso.tools.win32_11.8.0.202306131047/tools/bin/../lib/gcc/arm-none-eabi/12.2.1/thumb/v6-m/nofp\libcr_eabihelpers.a(double.o)
                0x00004f9c                __aeabi_dcmpeq
 .text.__aeabi_dcmplt
                0x00004fdc       0x74 c:/nxp/mcuxpressoide_11.8.0_1165/ide/plugins/com.nxp.mcuxpresso.tools.win32_11.8.0.202306131047/tools/bin/../lib/gcc/arm-none-eabi/12.2.1/thumb/v6-m/nofp\libcr_eabihelpers.a(double.o)
                0x00004fdc                __aeabi_dcmplt
 .text.__aeabi_dcmple
                0x00005050       0x70 c:/nxp/mcuxpressoide_11.8.0_1165/ide/plugins/com.nxp.mcuxpresso.tools.win32_11.8.0.202306131047/tools/bin/../lib/gcc/arm-none-eabi/12.2.1/thumb/v6-m/nofp\libcr_eabihelpers.a(double.o)
                0x00005050                __aeabi_dcmple
 .text.__aeabi_dcmpge
                0x000050c0       0x68 c:/nxp/mcuxpressoide_11.8.0_1165/ide/plugins/com.nxp.mcuxpresso.tools.win32_11.8.0.202306131047/tools/bin/../lib/gcc/arm-none-eabi/12.2.1/thumb/v6-m/nofp\libcr_eabihelpers.a(double.o)
                0x000050c0                __aeabi_dcmpge
 .text.clear    0x00005128       0x1a ./source/LiquidCrystal_I2C.o
                0x00005128                clear
 .text.home     0x00005142       0x1a ./source/LiquidCrystal_I2C.o
                0x00005142                home
 .text.command  0x0000515c       0x20 ./source/LiquidCrystal_I2C.o
                0x0000515c                command
 .text.write    0x0000517c       0x22 ./source/LiquidCrystal_I2C.o
                0x0000517c                write
 .text.send     0x0000519e       0x58 ./source/LiquidCrystal_I2C.o
                0x0000519e                send
 .text.write4bits
                0x000051f6       0x28 ./source/LiquidCrystal_I2C.o
                0x000051f6                write4bits
 .text.pulseEnable
                0x0000521e       0x40 ./source/LiquidCrystal_I2C.o
                0x0000521e                pulseEnable
 .text.print    0x0000525e       0x34 ./source/LiquidCrystal_I2C.o
                0x0000525e                print
 .text.printString
                0x00005292       0x56 ./source/LiquidCrystal_I2C.o
                0x00005292                printString
 .text.bmp280_get_regs
                0x000052e8       0xa2 ./source/bmp280.o
                0x000052e8                bmp280_get_regs
 .text.bmp280_set_regs
                0x0000538a      0x12a ./source/bmp280.o
                0x0000538a                bmp280_set_regs
 .text.bmp280_soft_reset
                0x000054b4       0x5e ./source/bmp280.o
                0x000054b4                bmp280_soft_reset
 .text.bmp280_init
                0x00005512      0x104 ./source/bmp280.o
                0x00005512                bmp280_init
 .text.bmp280_get_config
                0x00005616       0xc4 ./source/bmp280.o
                0x00005616                bmp280_get_config
 .text.bmp280_set_config
                0x000056da       0x20 ./source/bmp280.o
                0x000056da                bmp280_set_config
 .text.bmp280_set_power_mode
                0x000056fa       0x52 ./source/bmp280.o
                0x000056fa                bmp280_set_power_mode
 .text.bmp280_get_uncomp_data
                0x0000574c       0xc6 ./source/bmp280.o
                0x0000574c                bmp280_get_uncomp_data
 .text.null_ptr_check
                0x00005812       0x48 ./source/bmp280.o
 .text.interleave_data
                0x0000585a       0x70 ./source/bmp280.o
 .text.get_calib_param
                0x000058ca      0x174 ./source/bmp280.o
 .text.main     0x00005a3e       0x2a ./source/temperature.o
                0x00005a3e                main
 .text.OSC_SetExtRefClkConfig
                0x00005a68       0x3e ./drivers/fsl_clock.o
 .text.OSC_SetCapLoad
                0x00005aa6       0x42 ./drivers/fsl_clock.o
 .text.GPIO_PinWrite
                0x00005ae8       0x38 ./drivers/fsl_gpio.o
 .text.I2C_MasterClearStatusFlags
                0x00005b20       0x56 ./drivers/fsl_i2c.o
 .text.I2C_MasterStop
                0x00005b76       0x36 ./drivers/fsl_i2c.o
                0x00005b76                I2C_MasterStop
 .text.I2C_MasterGetStatusFlags
                0x00005bac       0x4a ./drivers/fsl_i2c.o
                0x00005bac                I2C_MasterGetStatusFlags
 .text.I2C_MasterReadBlocking
                0x00005bf6       0xea ./drivers/fsl_i2c.o
                0x00005bf6                I2C_MasterReadBlocking
 .text.SystemInitHook
                0x00005ce0        0xa ./device/system_MKL27Z644.o
                0x00005ce0                SystemInitHook
 .text.DbgConsole_Init
                0x00005cea       0x26 ./board/boards/board.o
 .text.BOARD_InitDebugConsole
                0x00005d10       0x2a ./board/boards/board.o
                0x00005d10                BOARD_InitDebugConsole
 .text.BOARD_InitBootClocks
                0x00005d3a        0xe ./board/boards/clock_config.o
                0x00005d3a                BOARD_InitBootClocks
 .text.BOARD_InitPeripherals
                0x00005d48        0xe ./board/boards/peripherals.o
                0x00005d48                BOARD_InitPeripherals
 .text.BOARD_InitBootPeripherals
                0x00005d56        0xe ./board/boards/peripherals.o
                0x00005d56                BOARD_InitBootPeripherals
 .text.BOARD_InitBootPins
                0x00005d64       0x12 ./board/boards/pin_mux.o
                0x00005d64                BOARD_InitBootPins
 .text.__main   0x00005d76        0xc c:/nxp/mcuxpressoide_11.8.0_1165/ide/plugins/com.nxp.mcuxpresso.tools.win32_11.8.0.202306131047/tools/bin/../lib/gcc/arm-none-eabi/12.2.1/../../../../arm-none-eabi/lib/thumb/v6-m/nofp\libcr_semihost_nf.a(_cr__main.o)
                0x00005d76                __CR_SEMIHOST
                0x00005d76                __main
 .text.memcpy   0x00005d82        0x8 c:/nxp/mcuxpressoide_11.8.0_1165/ide/plugins/com.nxp.mcuxpresso.tools.win32_11.8.0.202306131047/tools/bin/../lib/gcc/arm-none-eabi/12.2.1/../../../../arm-none-eabi/lib/thumb/v6-m/nofp\libcr_c.a(memcpy.o)
                0x00005d82                memcpy
 .text.memset   0x00005d8a        0x8 c:/nxp/mcuxpressoide_11.8.0_1165/ide/plugins/com.nxp.mcuxpresso.tools.win32_11.8.0.202306131047/tools/bin/../lib/gcc/arm-none-eabi/12.2.1/../../../../arm-none-eabi/lib/thumb/v6-m/nofp\libcr_c.a(memset.o)
                0x00005d8a                memset
 .text.free     0x00005d92       0x2c c:/nxp/mcuxpressoide_11.8.0_1165/ide/plugins/com.nxp.mcuxpresso.tools.win32_11.8.0.202306131047/tools/bin/../lib/gcc/arm-none-eabi/12.2.1/../../../../arm-none-eabi/lib/thumb/v6-m/nofp\libcr_c.a(alloc.o)
                0x00005d92                free
 .text.fp_round
                0x00005dbe       0x4a c:/nxp/mcuxpressoide_11.8.0_1165/ide/plugins/com.nxp.mcuxpresso.tools.win32_11.8.0.202306131047/tools/bin/../lib/gcc/arm-none-eabi/12.2.1/../../../../arm-none-eabi/lib/thumb/v6-m/nofp\libcr_c.a(fpprintf.o)
 .text.pr_dec.constprop.0
                0x00005e08       0x24 c:/nxp/mcuxpressoide_11.8.0_1165/ide/plugins/com.nxp.mcuxpresso.tools.win32_11.8.0.202306131047/tools/bin/../lib/gcc/arm-none-eabi/12.2.1/../../../../arm-none-eabi/lib/thumb/v6-m/nofp\libcr_c.a(fpprintf.o)
 .text.fputs    0x00005e2c       0x2e c:/nxp/mcuxpressoide_11.8.0_1165/ide/plugins/com.nxp.mcuxpresso.tools.win32_11.8.0.202306131047/tools/bin/../lib/gcc/arm-none-eabi/12.2.1/../../../../arm-none-eabi/lib/thumb/v6-m/nofp\libcr_c.a(fputs.o)
                0x00005e2c                fputs
 .text.remove   0x00005e5a       0x12 c:/nxp/mcuxpressoide_11.8.0_1165/ide/plugins/com.nxp.mcuxpresso.tools.win32_11.8.0.202306131047/tools/bin/../lib/gcc/arm-none-eabi/12.2.1/../../../../arm-none-eabi/lib/thumb/v6-m/nofp\libcr_c.a(remove.o)
                0x00005e5a                remove
 .text.__aeabi_division_idivmod
                0x00005e6c       0x78 c:/nxp/mcuxpressoide_11.8.0_1165/ide/plugins/com.nxp.mcuxpresso.tools.win32_11.8.0.202306131047/tools/bin/../lib/gcc/arm-none-eabi/12.2.1/thumb/v6-m/nofp\libcr_eabihelpers.a(division_32.o)
                0x00005e6c                __aeabi_idivmod
                0x00005e6c                __aeabi_idiv
                0x00005e72                __aeabi_uidivmod
                0x00005e72                __aeabi_uidiv
 .text.__aeabi_division_idiv0
                0x00005ee4        0x2 c:/nxp/mcuxpressoide_11.8.0_1165/ide/plugins/com.nxp.mcuxpresso.tools.win32_11.8.0.202306131047/tools/bin/../lib/gcc/arm-none-eabi/12.2.1/thumb/v6-m/nofp\libcr_eabihelpers.a(division_idiv0.o)
                0x00005ee4                __aeabi_idiv0
 .text.__bhs_ui2d
                0x00005ee6       0x5e c:/nxp/mcuxpressoide_11.8.0_1165/ide/plugins/com.nxp.mcuxpresso.tools.win32_11.8.0.202306131047/tools/bin/../lib/gcc/arm-none-eabi/12.2.1/thumb/v6-m/nofp\libcr_eabihelpers.a(double.o)
                0x00005ee6                __bhs_ui2d
 .text.__aeabi_i2d
                0x00005f44       0x18 c:/nxp/mcuxpressoide_11.8.0_1165/ide/plugins/com.nxp.mcuxpresso.tools.win32_11.8.0.202306131047/tools/bin/../lib/gcc/arm-none-eabi/12.2.1/thumb/v6-m/nofp\libcr_eabihelpers.a(double.o)
                0x00005f44                __aeabi_i2d
 .text.__aeabi_ui2d
                0x00005f5c        0xc c:/nxp/mcuxpressoide_11.8.0_1165/ide/plugins/com.nxp.mcuxpresso.tools.win32_11.8.0.202306131047/tools/bin/../lib/gcc/arm-none-eabi/12.2.1/thumb/v6-m/nofp\libcr_eabihelpers.a(double.o)
                0x00005f5c                __aeabi_ui2d
 .text.__aeabi_llong_lmul
                0x00005f68       0x2e c:/nxp/mcuxpressoide_11.8.0_1165/ide/plugins/com.nxp.mcuxpresso.tools.win32_11.8.0.202306131047/tools/bin/../lib/gcc/arm-none-eabi/12.2.1/thumb/v6-m/nofp\libcr_eabihelpers.a(llong.o)
                0x00005f68                __aeabi_lmul
 .text.__aeabi_memcpy
                0x00005f96       0x2c c:/nxp/mcuxpressoide_11.8.0_1165/ide/plugins/com.nxp.mcuxpresso.tools.win32_11.8.0.202306131047/tools/bin/../lib/gcc/arm-none-eabi/12.2.1/thumb/v6-m/nofp\libcr_eabihelpers.a(memcpy.o)
                0x00005f96                __aeabi_memcpy4
                0x00005f96                __aeabi_memcpy8
                0x00005f96                __aeabi_memcpy
 .text.__aeabi_memset_lowlevel
                0x00005fc2       0x2a c:/nxp/mcuxpressoide_11.8.0_1165/ide/plugins/com.nxp.mcuxpresso.tools.win32_11.8.0.202306131047/tools/bin/../lib/gcc/arm-none-eabi/12.2.1/thumb/v6-m/nofp\libcr_eabihelpers.a(memcpy.o)
                0x00005fc2                __aeabi_lowlevel_memset
 .text.__gnu_thumb1_case_uqi
                0x00005fec       0x10 c:/nxp/mcuxpressoide_11.8.0_1165/ide/plugins/com.nxp.mcuxpresso.tools.win32_11.8.0.202306131047/tools/bin/../lib/gcc/arm-none-eabi/12.2.1/thumb/v6-m/nofp\libcr_eabihelpers.a(thumb1_switch_helpers.o)
                0x00005fec                __gnu_thumb1_case_uqi
 .text.__gnu_thumb1_case_shi
                0x00005ffc       0x10 c:/nxp/mcuxpressoide_11.8.0_1165/ide/plugins/com.nxp.mcuxpresso.tools.win32_11.8.0.202306131047/tools/bin/../lib/gcc/arm-none-eabi/12.2.1/thumb/v6-m/nofp\libcr_eabihelpers.a(thumb1_switch_helpers.o)
                0x00005ffc                __gnu_thumb1_case_shi
 .text.__gnu_thumb1_case_uhi
                0x0000600c       0x10 c:/nxp/mcuxpressoide_11.8.0_1165/ide/plugins/com.nxp.mcuxpresso.tools.win32_11.8.0.202306131047/tools/bin/../lib/gcc/arm-none-eabi/12.2.1/thumb/v6-m/nofp\libcr_eabihelpers.a(thumb1_switch_helpers.o)
                0x0000600c                __gnu_thumb1_case_uhi
 .text.__sys_close
                0x0000601c        0xc c:/nxp/mcuxpressoide_11.8.0_1165/ide/plugins/com.nxp.mcuxpresso.tools.win32_11.8.0.202306131047/tools/bin/../lib/gcc/arm-none-eabi/12.2.1/../../../../arm-none-eabi/lib/thumb/v6-m/nofp\libcr_semihost_nf.a(__sys_close.o)
                0x0000601c                __sys_close
 .text.__sys_flen
                0x00006028        0xc c:/nxp/mcuxpressoide_11.8.0_1165/ide/plugins/com.nxp.mcuxpresso.tools.win32_11.8.0.202306131047/tools/bin/../lib/gcc/arm-none-eabi/12.2.1/../../../../arm-none-eabi/lib/thumb/v6-m/nofp\libcr_semihost_nf.a(__sys_flen.o)
                0x00006028                __sys_flen
 .text.__sys_istty
                0x00006034        0xc c:/nxp/mcuxpressoide_11.8.0_1165/ide/plugins/com.nxp.mcuxpresso.tools.win32_11.8.0.202306131047/tools/bin/../lib/gcc/arm-none-eabi/12.2.1/../../../../arm-none-eabi/lib/thumb/v6-m/nofp\libcr_semihost_nf.a(__sys_istty.o)
                0x00006034                __sys_istty
 .text.__sys_remove
                0x00006040        0xc c:/nxp/mcuxpressoide_11.8.0_1165/ide/plugins/com.nxp.mcuxpresso.tools.win32_11.8.0.202306131047/tools/bin/../lib/gcc/arm-none-eabi/12.2.1/../../../../arm-none-eabi/lib/thumb/v6-m/nofp\libcr_semihost_nf.a(__sys_remove.o)
                0x00006040                __sys_remove
 .text.__sys_seek
                0x0000604c        0xc c:/nxp/mcuxpressoide_11.8.0_1165/ide/plugins/com.nxp.mcuxpresso.tools.win32_11.8.0.202306131047/tools/bin/../lib/gcc/arm-none-eabi/12.2.1/../../../../arm-none-eabi/lib/thumb/v6-m/nofp\libcr_semihost_nf.a(__sys_seek.o)
                0x0000604c                __sys_seek
 .text.__sys_tmpnam
                0x00006058        0xc c:/nxp/mcuxpressoide_11.8.0_1165/ide/plugins/com.nxp.mcuxpresso.tools.win32_11.8.0.202306131047/tools/bin/../lib/gcc/arm-none-eabi/12.2.1/../../../../arm-none-eabi/lib/thumb/v6-m/nofp\libcr_semihost_nf.a(__sys_tmpnam.o)
                0x00006058                __sys_tmpnam
 .text.__sys_write
                0x00006064        0xc c:/nxp/mcuxpressoide_11.8.0_1165/ide/plugins/com.nxp.mcuxpresso.tools.win32_11.8.0.202306131047/tools/bin/../lib/gcc/arm-none-eabi/12.2.1/../../../../arm-none-eabi/lib/thumb/v6-m/nofp\libcr_semihost_nf.a(__sys_write.o)
                0x00006064                __sys_write
 *(SORT_BY_ALIGNMENT(.rodata) SORT_BY_ALIGNMENT(.rodata.*) SORT_BY_ALIGNMENT(.constdata) SORT_BY_ALIGNMENT(.constdata.*))
 .rodata        0x00006070       0x10 ./source/LiquidCrystal_I2C.o
 .rodata.print_rslt.str1.4
                0x00006080       0xb6 ./source/temperature.o
 *fill*         0x00006136        0x2 ff
 .rodata.initializeBMP.str1.4
                0x00006138       0x6a ./source/temperature.o
 *fill*         0x000061a2        0x2 ff
 .rodata.initializeLCD.str1.4
                0x000061a4       0x3d ./source/temperature.o
 *fill*         0x000061e1        0x3 ff
 .rodata        0x000061e4        0xc ./source/temperature.o
 .rodata.resultBMP.str1.4
                0x000061f0       0x3c ./source/temperature.o
 .rodata.CLOCK_GetOsc0ErClkFreq.str1.4
                0x0000622c       0x1e ./drivers/fsl_clock.o
 *fill*         0x0000624a        0x2 ff
 .rodata.CLOCK_GetEr32kClkFreq.str1.4
                0x0000624c       0x1f ./drivers/fsl_clock.o
 *fill*         0x0000626b        0x1 ff
 .rodata.CLOCK_GetFreq
                0x0000626c       0x50 ./drivers/fsl_clock.o
 .rodata.CLOCK_GetOutClkFreq.str1.4
                0x000062bc       0x1e ./drivers/fsl_clock.o
 *fill*         0x000062da        0x2 ff
 .rodata.CLOCK_SetMcgliteConfig.str1.4
                0x000062dc       0x1f ./drivers/fsl_clock.o
 *fill*         0x000062fb        0x1 ff
 .rodata.lircFreqs.0
                0x000062fc        0x8 ./drivers/fsl_clock.o
 .rodata.GPIO_PinInit.str1.4
                0x00006304       0x20 ./drivers/fsl_gpio.o
 .rodata.s_i2cDividerTable
                0x00006324       0x80 ./drivers/fsl_i2c.o
 .rodata.s_i2cClocks
                0x000063a4        0x8 ./drivers/fsl_i2c.o
 .rodata.s_i2cBases
                0x000063ac        0x8 ./drivers/fsl_i2c.o
 .rodata.I2C_GetInstance.str1.4
                0x000063b4       0x32 ./drivers/fsl_i2c.o
 *fill*         0x000063e6        0x2 ff
 .rodata.I2C_MasterInit.str1.4
                0x000063e8       0x4a ./drivers/fsl_i2c.o
 *fill*         0x00006432        0x2 ff
 .rodata.I2C_MasterTransferBlocking.str1.4
                0x00006434       0x1e ./drivers/fsl_i2c.o
 *fill*         0x00006452        0x2 ff
 .rodata.mcgliteConfig_BOARD_BootClockRUN
                0x00006454        0x6 ./board/boards/clock_config.o
                0x00006454                mcgliteConfig_BOARD_BootClockRUN
 *fill*         0x0000645a        0x2 ff
 .rodata.simConfig_BOARD_BootClockRUN
                0x0000645c        0x8 ./board/boards/clock_config.o
                0x0000645c                simConfig_BOARD_BootClockRUN
 .rodata.oscConfig_BOARD_BootClockRUN
                0x00006464        0x8 ./board/boards/clock_config.o
                0x00006464                oscConfig_BOARD_BootClockRUN
 .rodata.I2C0_config
                0x0000646c        0xc ./board/boards/peripherals.o
                0x0000646c                I2C0_config
 .rodata.PORT_SetPinConfig.str1.4
                0x00006478       0xab ./board/boards/pin_mux.o
 *fill*         0x00006523        0x1 ff
 .rodata        0x00006524        0x2 ./board/boards/pin_mux.o
 *fill*         0x00006526        0x2 ff
 .rodata.__num_Ciob_streams
                0x00006528        0x4 c:/nxp/mcuxpressoide_11.8.0_1165/ide/plugins/com.nxp.mcuxpresso.tools.win32_11.8.0.202306131047/tools/bin/../lib/gcc/arm-none-eabi/12.2.1/../../../../arm-none-eabi/lib/thumb/v6-m/nofp\libcr_semihost_nf.a(__ciob.o)
                0x00006528                __num_Ciob_streams
 .rodata.__assertion_failed.str1.1
                0x0000652c       0x15 c:/nxp/mcuxpressoide_11.8.0_1165/ide/plugins/com.nxp.mcuxpresso.tools.win32_11.8.0.202306131047/tools/bin/../lib/gcc/arm-none-eabi/12.2.1/../../../../arm-none-eabi/lib/thumb/v6-m/nofp\libcr_semihost_nf.a(_cr_assert.o)
 .rodata._Csys_alloc.str1.1
                0x00006541       0x18 c:/nxp/mcuxpressoide_11.8.0_1165/ide/plugins/com.nxp.mcuxpresso.tools.win32_11.8.0.202306131047/tools/bin/../lib/gcc/arm-none-eabi/12.2.1/../../../../arm-none-eabi/lib/thumb/v6-m/nofp\libcr_c.a(alloc.o)
 .rodata.fp_display.str1.1
                0x00006559       0x32 c:/nxp/mcuxpressoide_11.8.0_1165/ide/plugins/com.nxp.mcuxpresso.tools.win32_11.8.0.202306131047/tools/bin/../lib/gcc/arm-none-eabi/12.2.1/../../../../arm-none-eabi/lib/thumb/v6-m/nofp\libcr_c.a(fpprintf.o)
                                 0x35 (size before relaxing)
 .rodata._initio.str1.1
                0x0000658b        0x4 c:/nxp/mcuxpressoide_11.8.0_1165/ide/plugins/com.nxp.mcuxpresso.tools.win32_11.8.0.202306131047/tools/bin/../lib/gcc/arm-none-eabi/12.2.1/../../../../arm-none-eabi/lib/thumb/v6-m/nofp\libcr_c.a(initio.o)
 .rodata.__vfprintf.str1.1
                0x0000658f       0x31 c:/nxp/mcuxpressoide_11.8.0_1165/ide/plugins/com.nxp.mcuxpresso.tools.win32_11.8.0.202306131047/tools/bin/../lib/gcc/arm-none-eabi/12.2.1/../../../../arm-none-eabi/lib/thumb/v6-m/nofp\libcr_c.a(printf.o)
                                 0x38 (size before relaxing)
                0x000065c0                . = ALIGN (0x4)

.glue_7         0x000065c0        0x0
 .glue_7        0x000065c0        0x0 linker stubs

.glue_7t        0x000065c0        0x0
 .glue_7t       0x000065c0        0x0 linker stubs

.vfp11_veneer   0x000065c0        0x0
 .vfp11_veneer  0x000065c0        0x0 linker stubs

.v4_bx          0x000065c0        0x0
 .v4_bx         0x000065c0        0x0 linker stubs

.iplt           0x000065c0        0x0
 .iplt          0x000065c0        0x0 ./startup/startup_mkl27z644.o

.rel.dyn        0x000065c0        0x0
 .rel.iplt      0x000065c0        0x0 ./startup/startup_mkl27z644.o

.ARM.extab
 *(SORT_BY_ALIGNMENT(.ARM.extab*) SORT_BY_ALIGNMENT(.gnu.linkonce.armextab.*))

.ARM.exidx      0x000065c0        0x0
                0x000065c0                __exidx_start = .
 *(SORT_BY_ALIGNMENT(.ARM.exidx*) SORT_BY_ALIGNMENT(.gnu.linkonce.armexidx.*))
                0x000065c0                __exidx_end = .
                0x000065c0                _etext = .

.m_usb_data
 *(SORT_BY_ALIGNMENT(m_usb_bdt))

.mtb_buffer_RAM2
 *(SORT_BY_ALIGNMENT(.mtb.$RAM2*))
 *(SORT_BY_ALIGNMENT(.mtb.$USB_RAM*))

.data_RAM2      0x400fe000        0x0 load address 0x000065c0
 FILL mask 0xff
                [!provide]                PROVIDE (__start_data_RAM2 = .)
                [!provide]                PROVIDE (__start_data_USB_RAM = .)
 *(SORT_BY_ALIGNMENT(.ramfunc.$RAM2))
 *(SORT_BY_ALIGNMENT(.ramfunc.$USB_RAM))
 *(SORT_BY_ALIGNMENT(.data.$RAM2))
 *(SORT_BY_ALIGNMENT(.data.$USB_RAM))
 *(SORT_BY_ALIGNMENT(.data.$RAM2.*))
 *(SORT_BY_ALIGNMENT(.data.$USB_RAM.*))
                0x400fe000                . = ALIGN (0x4)
                [!provide]                PROVIDE (__end_data_RAM2 = .)
                [!provide]                PROVIDE (__end_data_USB_RAM = .)

.mtb_buffer_default
                0x1ffff000       0x80
 *(SORT_BY_ALIGNMENT(.mtb*))
 .mtb.$RAM1     0x1ffff000       0x80 ./source/mtb.o
                0x1ffff000                __mtb_buffer__

.uninit_RESERVED
                0x1ffff080        0x0
                0x1ffff080                _start_uninit_RESERVED = .
 *(SORT_BY_ALIGNMENT(.bss.$RESERVED*))
                0x1ffff080                . = ALIGN (0x4)
                0x1ffff080                _end_uninit_RESERVED = .

.data           0x1ffff080        0x8 load address 0x000065c0
 FILL mask 0xff
                0x1ffff080                _data = .
                [!provide]                PROVIDE (__start_data_RAM = .)
                [!provide]                PROVIDE (__start_data_SRAM = .)
 *(SORT_BY_ALIGNMENT(vtable))
 *(SORT_BY_ALIGNMENT(.ramfunc*))
 *(SORT_BY_ALIGNMENT(CodeQuickAccess))
 *(SORT_BY_ALIGNMENT(DataQuickAccess))
 *(SORT_BY_ALIGNMENT(RamFunction))
 *(SORT_BY_ALIGNMENT(.data*))
 .data.SystemCoreClock
                0x1ffff080        0x4 ./device/system_MKL27Z644.o
                0x1ffff080                SystemCoreClock
 .data.backlightval
                0x1ffff084        0x1 ./source/LiquidCrystal_I2C.o
                0x1ffff084                backlightval
                0x1ffff088                . = ALIGN (0x4)
 *fill*         0x1ffff085        0x3 ff
                0x1ffff088                _edata = .
                [!provide]                PROVIDE (__end_data_RAM = .)
                [!provide]                PROVIDE (__end_data_SRAM = .)

.igot.plt       0x1ffff088        0x0 load address 0x000065c8
 .igot.plt      0x1ffff088        0x0 ./startup/startup_mkl27z644.o

.bss_RAM2       0x400fe000        0x0
                [!provide]                PROVIDE (__start_bss_RAM2 = .)
                [!provide]                PROVIDE (__start_bss_USB_RAM = .)
 *(SORT_BY_ALIGNMENT(.bss.$RAM2))
 *(SORT_BY_ALIGNMENT(.bss.$USB_RAM))
 *(SORT_BY_ALIGNMENT(.bss.$RAM2.*))
 *(SORT_BY_ALIGNMENT(.bss.$USB_RAM.*))
                0x400fe000                . = ALIGN ((. != 0x0)?0x4:0x1)
                [!provide]                PROVIDE (__end_bss_RAM2 = .)
                [!provide]                PROVIDE (__end_bss_USB_RAM = .)

.bss            0x1ffff088      0x140
                0x1ffff088                _bss = .
                [!provide]                PROVIDE (__start_bss_RAM = .)
                [!provide]                PROVIDE (__start_bss_SRAM = .)
 *(SORT_BY_ALIGNMENT(.bss*))
 .bss.temp      0x1ffff088        0x8 ./source/temperature.o
                0x1ffff088                temp
 .bss.bmp       0x1ffff090       0x34 ./source/temperature.o
                0x1ffff090                bmp
 .bss.g_systickCounter
                0x1ffff0c4        0x4 ./source/temperature.o
                0x1ffff0c4                g_systickCounter
 .bss.conf      0x1ffff0c8        0x5 ./source/temperature.o
                0x1ffff0c8                conf
 *fill*         0x1ffff0cd        0x3 
 .bss.ucomp_data
                0x1ffff0d0        0x8 ./source/temperature.o
                0x1ffff0d0                ucomp_data
 .bss.temp32    0x1ffff0d8        0x4 ./source/temperature.o
                0x1ffff0d8                temp32
 .bss.MOTOR_STATUS
                0x1ffff0dc        0x4 ./source/temperature.o
                0x1ffff0dc                MOTOR_STATUS
 .bss.g_xtal0Freq
                0x1ffff0e0        0x4 ./drivers/fsl_clock.o
                0x1ffff0e0                g_xtal0Freq
 .bss.g_xtal32Freq
                0x1ffff0e4        0x4 ./drivers/fsl_clock.o
                0x1ffff0e4                g_xtal32Freq
 .bss.s_i2cHandle
                0x1ffff0e8        0x8 ./drivers/fsl_i2c.o
 .bss.s_i2cMasterIsr
                0x1ffff0f0        0x4 ./drivers/fsl_i2c.o
 .bss.s_i2cSlaveIsr
                0x1ffff0f4        0x4 ./drivers/fsl_i2c.o
 .bss.s_lpuartHandle
                0x1ffff0f8        0x8 ./drivers/fsl_lpuart.o
 .bss.s_lpuartIsr
                0x1ffff100        0x4 ./drivers/fsl_lpuart.o
 .bss.__Ciob    0x1ffff104       0xb4 c:/nxp/mcuxpressoide_11.8.0_1165/ide/plugins/com.nxp.mcuxpresso.tools.win32_11.8.0.202306131047/tools/bin/../lib/gcc/arm-none-eabi/12.2.1/../../../../arm-none-eabi/lib/thumb/v6-m/nofp\libcr_semihost_nf.a(__ciob.o)
                0x1ffff104                __Ciob
 .bss.__end_of_heap
                0x1ffff1b8        0x4 c:/nxp/mcuxpressoide_11.8.0_1165/ide/plugins/com.nxp.mcuxpresso.tools.win32_11.8.0.202306131047/tools/bin/../lib/gcc/arm-none-eabi/12.2.1/../../../../arm-none-eabi/lib/thumb/v6-m/nofp\libcr_c.a(__init_alloc.o)
                0x1ffff1b8                __end_of_heap
 .bss.__heaps   0x1ffff1bc        0x4 c:/nxp/mcuxpressoide_11.8.0_1165/ide/plugins/com.nxp.mcuxpresso.tools.win32_11.8.0.202306131047/tools/bin/../lib/gcc/arm-none-eabi/12.2.1/../../../../arm-none-eabi/lib/thumb/v6-m/nofp\libcr_c.a(__init_alloc.o)
                0x1ffff1bc                __heaps
 .bss.errno     0x1ffff1c0        0x4 c:/nxp/mcuxpressoide_11.8.0_1165/ide/plugins/com.nxp.mcuxpresso.tools.win32_11.8.0.202306131047/tools/bin/../lib/gcc/arm-none-eabi/12.2.1/../../../../arm-none-eabi/lib/thumb/v6-m/nofp\libcr_c.a(errno.o)
                0x1ffff1c0                errno
 .bss._displayfunction
                0x1ffff1c4        0x1 ./source/LiquidCrystal_I2C.o
                0x1ffff1c4                _displayfunction
 .bss._displaycontrol
                0x1ffff1c5        0x1 ./source/LiquidCrystal_I2C.o
                0x1ffff1c5                _displaycontrol
 .bss._displaymode
                0x1ffff1c6        0x1 ./source/LiquidCrystal_I2C.o
                0x1ffff1c6                _displaymode
 .bss.rslt      0x1ffff1c7        0x1 ./source/temperature.o
                0x1ffff1c7                rslt
 *(SORT_BY_ALIGNMENT(COMMON))
                0x1ffff1c8                . = ALIGN (0x4)
                0x1ffff1c8                _ebss = .
                [!provide]                PROVIDE (__end_bss_RAM = .)
                [!provide]                PROVIDE (__end_bss_SRAM = .)
                [!provide]                PROVIDE (end = .)

.noinit_RAM2    0x400fe000        0x0
                [!provide]                PROVIDE (__start_noinit_RAM2 = .)
                [!provide]                PROVIDE (__start_noinit_USB_RAM = .)
 *(SORT_BY_ALIGNMENT(.noinit.$RAM2))
 *(SORT_BY_ALIGNMENT(.noinit.$USB_RAM))
 *(SORT_BY_ALIGNMENT(.noinit.$RAM2.*))
 *(SORT_BY_ALIGNMENT(.noinit.$USB_RAM.*))
                0x400fe000                . = ALIGN (0x4)
                [!provide]                PROVIDE (__end_noinit_RAM2 = .)
                [!provide]                PROVIDE (__end_noinit_USB_RAM = .)

.noinit         0x1ffff1c8        0x0
                0x1ffff1c8                _noinit = .
                [!provide]                PROVIDE (__start_noinit_RAM = .)
                [!provide]                PROVIDE (__start_noinit_SRAM = .)
 *(SORT_BY_ALIGNMENT(.noinit*))
                0x1ffff1c8                . = ALIGN (0x4)
                0x1ffff1c8                _end_noinit = .
                [!provide]                PROVIDE (__end_noinit_RAM = .)
                [!provide]                PROVIDE (__end_noinit_SRAM = .)
                0x00000400                _HeapSize = 0x400

.heap           0x1ffff1c8      0x400
                0x1ffff1c8                _pvHeapStart = .
                0x1ffff5c8                . = (. + _HeapSize)
 *fill*         0x1ffff1c8      0x400 
                0x1ffff5c8                . = ALIGN (0x4)
                0x1ffff5c8                _pvHeapLimit = .
                0x00000400                _StackSize = 0x400

.heap2stackfill
                0x1ffff5c8      0x400
                0x1ffff9c8                . = (. + _StackSize)
 *fill*         0x1ffff5c8      0x400 

.stack          0x20002c00        0x0
                0x20002c00                _vStackBase = .
                0x20002c00                . = ALIGN (0x4)
                0x20003000                _vStackTop = (. + _StackSize)
                0x00000000                _image_start = LOADADDR (.text)
                0x000065c8                _image_end = (LOADADDR (.data) + SIZEOF (.data))
                0x000065c8                _image_size = (_image_end - _image_start)
OUTPUT(BMP280.axf elf32-littlearm)
LOAD linker stubs

.debug_info     0x00000000     0x9d0a
 .debug_info    0x00000000      0x62f ./startup/startup_mkl27z644.o
 .debug_info    0x0000062f       0xd4 ./source/delay/delay.o
 .debug_info    0x00000703      0x937 ./source/LiquidCrystal_I2C.o
 .debug_info    0x0000103a      0xb3b ./source/bmp280.o
 .debug_info    0x00001b75       0x54 ./source/mtb.o
 .debug_info    0x00001bc9       0x3d ./source/semihost_hardfault.o
 .debug_info    0x00001c06     0x1204 ./source/temperature.o
 .debug_info    0x00002e0a     0x1239 ./drivers/fsl_clock.o
 .debug_info    0x00004043      0x855 ./drivers/fsl_gpio.o
 .debug_info    0x00004898     0x1bcb ./drivers/fsl_i2c.o
 .debug_info    0x00006463     0x1719 ./drivers/fsl_lpuart.o
 .debug_info    0x00007b7c      0x3b3 ./device/system_MKL27Z644.o
 .debug_info    0x00007f2f      0x3a7 ./board/boards/board.o
 .debug_info    0x000082d6      0xb31 ./board/boards/clock_config.o
 .debug_info    0x00008e07      0x58a ./board/boards/peripherals.o
 .debug_info    0x00009391      0x979 ./board/boards/pin_mux.o

.debug_abbrev   0x00000000     0x1fcf
 .debug_abbrev  0x00000000      0x1ac ./startup/startup_mkl27z644.o
 .debug_abbrev  0x000001ac       0x9b ./source/delay/delay.o
 .debug_abbrev  0x00000247      0x298 ./source/LiquidCrystal_I2C.o
 .debug_abbrev  0x000004df      0x1e8 ./source/bmp280.o
 .debug_abbrev  0x000006c7       0x45 ./source/mtb.o
 .debug_abbrev  0x0000070c       0x2f ./source/semihost_hardfault.o
 .debug_abbrev  0x0000073b      0x3bb ./source/temperature.o
 .debug_abbrev  0x00000af6      0x2e4 ./drivers/fsl_clock.o
 .debug_abbrev  0x00000dda      0x233 ./drivers/fsl_gpio.o
 .debug_abbrev  0x0000100d      0x391 ./drivers/fsl_i2c.o
 .debug_abbrev  0x0000139e      0x33b ./drivers/fsl_lpuart.o
 .debug_abbrev  0x000016d9      0x14f ./device/system_MKL27Z644.o
 .debug_abbrev  0x00001828      0x16d ./board/boards/board.o
 .debug_abbrev  0x00001995      0x20b ./board/boards/clock_config.o
 .debug_abbrev  0x00001ba0      0x169 ./board/boards/peripherals.o
 .debug_abbrev  0x00001d09      0x2c6 ./board/boards/pin_mux.o

.debug_loclists
                0x00000000      0x104
 .debug_loclists
                0x00000000      0x104 ./startup/startup_mkl27z644.o

.debug_aranges  0x00000000      0x968
 .debug_aranges
                0x00000000      0x160 ./startup/startup_mkl27z644.o
 .debug_aranges
                0x00000160       0x28 ./source/delay/delay.o
 .debug_aranges
                0x00000188       0xf8 ./source/LiquidCrystal_I2C.o
 .debug_aranges
                0x00000280       0xc0 ./source/bmp280.o
 .debug_aranges
                0x00000340       0x18 ./source/mtb.o
 .debug_aranges
                0x00000358       0x20 ./source/semihost_hardfault.o
 .debug_aranges
                0x00000378       0x88 ./source/temperature.o
 .debug_aranges
                0x00000400       0xd0 ./drivers/fsl_clock.o
 .debug_aranges
                0x000004d0       0x68 ./drivers/fsl_gpio.o
 .debug_aranges
                0x00000538      0x178 ./drivers/fsl_i2c.o
 .debug_aranges
                0x000006b0      0x120 ./drivers/fsl_lpuart.o
 .debug_aranges
                0x000007d0       0x30 ./device/system_MKL27Z644.o
 .debug_aranges
                0x00000800       0x30 ./board/boards/board.o
 .debug_aranges
                0x00000830       0x80 ./board/boards/clock_config.o
 .debug_aranges
                0x000008b0       0x30 ./board/boards/peripherals.o
 .debug_aranges
                0x000008e0       0x88 ./board/boards/pin_mux.o

.debug_rnglists
                0x00000000      0x6ed
 .debug_rnglists
                0x00000000      0x103 ./startup/startup_mkl27z644.o
 .debug_rnglists
                0x00000103       0x19 ./source/delay/delay.o
 .debug_rnglists
                0x0000011c       0xb7 ./source/LiquidCrystal_I2C.o
 .debug_rnglists
                0x000001d3       0x99 ./source/bmp280.o
 .debug_rnglists
                0x0000026c       0x13 ./source/semihost_hardfault.o
 .debug_rnglists
                0x0000027f       0x68 ./source/temperature.o
 .debug_rnglists
                0x000002e7       0x9b ./drivers/fsl_clock.o
 .debug_rnglists
                0x00000382       0x49 ./drivers/fsl_gpio.o
 .debug_rnglists
                0x000003cb      0x125 ./drivers/fsl_i2c.o
 .debug_rnglists
                0x000004f0       0xdc ./drivers/fsl_lpuart.o
 .debug_rnglists
                0x000005cc       0x20 ./device/system_MKL27Z644.o
 .debug_rnglists
                0x000005ec       0x1f ./board/boards/board.o
 .debug_rnglists
                0x0000060b       0x5b ./board/boards/clock_config.o
 .debug_rnglists
                0x00000666       0x1f ./board/boards/peripherals.o
 .debug_rnglists
                0x00000685       0x68 ./board/boards/pin_mux.o

.debug_macro    0x00000000     0x1ac3
 .debug_macro   0x00000000       0x29 ./startup/startup_mkl27z644.o
 .debug_macro   0x00000029       0x46 ./source/delay/delay.o
 .debug_macro   0x0000006f      0x11b ./source/LiquidCrystal_I2C.o
 .debug_macro   0x0000018a       0x22 ./source/LiquidCrystal_I2C.o
 .debug_macro   0x000001ac       0x1c ./source/LiquidCrystal_I2C.o
 .debug_macro   0x000001c8       0xee ./source/LiquidCrystal_I2C.o
 .debug_macro   0x000002b6       0x68 ./source/bmp280.o
 .debug_macro   0x0000031e       0x16 ./source/bmp280.o
 .debug_macro   0x00000334      0x4a5 ./source/bmp280.o
 .debug_macro   0x000007d9       0x2f ./source/mtb.o
 .debug_macro   0x00000808       0x82 ./source/mtb.o
 .debug_macro   0x0000088a       0x10 ./source/mtb.o
 .debug_macro   0x0000089a       0x11 ./source/semihost_hardfault.o
 .debug_macro   0x000008ab      0x1e5 ./source/temperature.o
 .debug_macro   0x00000a90       0xa0 ./source/temperature.o
 .debug_macro   0x00000b30       0x1c ./source/temperature.o
 .debug_macro   0x00000b4c       0x16 ./source/temperature.o
 .debug_macro   0x00000b62      0x196 ./source/temperature.o
 .debug_macro   0x00000cf8       0x22 ./source/temperature.o
 .debug_macro   0x00000d1a       0x16 ./source/temperature.o
 .debug_macro   0x00000d30      0x366 ./source/temperature.o
 .debug_macro   0x00001096       0x2e ./source/temperature.o
 .debug_macro   0x000010c4       0x16 ./source/temperature.o
 .debug_macro   0x000010da      0x12f ./drivers/fsl_clock.o
 .debug_macro   0x00001209       0x1c ./drivers/fsl_clock.o
 .debug_macro   0x00001225      0x102 ./drivers/fsl_gpio.o
 .debug_macro   0x00001327       0x10 ./drivers/fsl_gpio.o
 .debug_macro   0x00001337      0x102 ./drivers/fsl_i2c.o
 .debug_macro   0x00001439      0x102 ./drivers/fsl_lpuart.o
 .debug_macro   0x0000153b       0x10 ./drivers/fsl_lpuart.o
 .debug_macro   0x0000154b       0x97 ./device/system_MKL27Z644.o
 .debug_macro   0x000015e2      0x162 ./board/boards/board.o
 .debug_macro   0x00001744       0x16 ./board/boards/board.o
 .debug_macro   0x0000175a       0x22 ./board/boards/board.o
 .debug_macro   0x0000177c      0x13a ./board/boards/clock_config.o
 .debug_macro   0x000018b6      0x105 ./board/boards/peripherals.o
 .debug_macro   0x000019bb      0x108 ./board/boards/pin_mux.o

.debug_line     0x00000000     0x71cd
 .debug_line    0x00000000      0x30e ./startup/startup_mkl27z644.o
 .debug_line    0x0000030e      0x1b8 ./source/delay/delay.o
 .debug_line    0x000004c6      0x7cf ./source/LiquidCrystal_I2C.o
 .debug_line    0x00000c95      0xb6b ./source/bmp280.o
 .debug_line    0x00001800       0xd1 ./source/mtb.o
 .debug_line    0x000018d1       0x5a ./source/semihost_hardfault.o
 .debug_line    0x0000192b      0xaac ./source/temperature.o
 .debug_line    0x000023d7      0x8ee ./drivers/fsl_clock.o
 .debug_line    0x00002cc5      0x570 ./drivers/fsl_gpio.o
 .debug_line    0x00003235     0x14bb ./drivers/fsl_i2c.o
 .debug_line    0x000046f0      0xeee ./drivers/fsl_lpuart.o
 .debug_line    0x000055de      0x339 ./device/system_MKL27Z644.o
 .debug_line    0x00005917      0x6c1 ./board/boards/board.o
 .debug_line    0x00005fd8      0x608 ./board/boards/clock_config.o
 .debug_line    0x000065e0      0x479 ./board/boards/peripherals.o
 .debug_line    0x00006a59      0x774 ./board/boards/pin_mux.o

.debug_str      0x00000000    0x3c69c
 .debug_str     0x00000000     0x3206 ./startup/startup_mkl27z644.o
                               0x326a (size before relaxing)
 .debug_str     0x00003206     0x16b7 ./source/delay/delay.o
                               0x452b (size before relaxing)
 .debug_str     0x000048bd    0x3016c ./source/LiquidCrystal_I2C.o
                              0x34800 (size before relaxing)
 .debug_str     0x00034a29     0x1cb8 ./source/bmp280.o
                               0x623e (size before relaxing)
 .debug_str     0x000366e1      0x532 ./source/mtb.o
                               0x333f (size before relaxing)
 .debug_str     0x00036c13       0x1f ./source/semihost_hardfault.o
                               0x2e2c (size before relaxing)
 .debug_str     0x00036c32     0x29ef ./source/temperature.o
                              0x38c0a (size before relaxing)
 .debug_str     0x00039621      0xcfc ./drivers/fsl_clock.o
                              0x34f18 (size before relaxing)
 .debug_str     0x0003a31d      0x1a5 ./drivers/fsl_gpio.o
                              0x3428c (size before relaxing)
 .debug_str     0x0003a4c2      0x938 ./drivers/fsl_i2c.o
                              0x351fc (size before relaxing)
 .debug_str     0x0003adfa      0xdc1 ./drivers/fsl_lpuart.o
                              0x35326 (size before relaxing)
 .debug_str     0x0003bbbb       0x73 ./device/system_MKL27Z644.o
                              0x32b12 (size before relaxing)
 .debug_str     0x0003bc2e       0xca ./board/boards/board.o
                              0x34ed7 (size before relaxing)
 .debug_str     0x0003bcf8      0x4e7 ./board/boards/clock_config.o
                              0x34a25 (size before relaxing)
 .debug_str     0x0003c1df       0x4a ./board/boards/peripherals.o
                              0x34486 (size before relaxing)
 .debug_str     0x0003c229      0x473 ./board/boards/pin_mux.o
                              0x34f4d (size before relaxing)

.comment        0x00000000       0x45
 .comment       0x00000000       0x45 ./startup/startup_mkl27z644.o
                                 0x46 (size before relaxing)
 .comment       0x00000045       0x46 ./source/delay/delay.o
 .comment       0x00000045       0x46 ./source/LiquidCrystal_I2C.o
 .comment       0x00000045       0x46 ./source/bmp280.o
 .comment       0x00000045       0x46 ./source/mtb.o
 .comment       0x00000045       0x46 ./source/semihost_hardfault.o
 .comment       0x00000045       0x46 ./source/temperature.o
 .comment       0x00000045       0x46 ./drivers/fsl_clock.o
 .comment       0x00000045       0x46 ./drivers/fsl_gpio.o
 .comment       0x00000045       0x46 ./drivers/fsl_i2c.o
 .comment       0x00000045       0x46 ./drivers/fsl_lpuart.o
 .comment       0x00000045       0x46 ./device/system_MKL27Z644.o
 .comment       0x00000045       0x46 ./board/boards/board.o
 .comment       0x00000045       0x46 ./board/boards/clock_config.o
 .comment       0x00000045       0x46 ./board/boards/peripherals.o
 .comment       0x00000045       0x46 ./board/boards/pin_mux.o
 .comment       0x00000045       0x46 c:/nxp/mcuxpressoide_11.8.0_1165/ide/plugins/com.nxp.mcuxpresso.tools.win32_11.8.0.202306131047/tools/bin/../lib/gcc/arm-none-eabi/12.2.1/../../../../arm-none-eabi/lib/thumb/v6-m/nofp\libcr_semihost_nf.a(_cr__main.o)
 .comment       0x00000045       0x46 c:/nxp/mcuxpressoide_11.8.0_1165/ide/plugins/com.nxp.mcuxpresso.tools.win32_11.8.0.202306131047/tools/bin/../lib/gcc/arm-none-eabi/12.2.1/../../../../arm-none-eabi/lib/thumb/v6-m/nofp\libcr_semihost_nf.a(_cr_assert.o)
 .comment       0x00000045       0x46 c:/nxp/mcuxpressoide_11.8.0_1165/ide/plugins/com.nxp.mcuxpresso.tools.win32_11.8.0.202306131047/tools/bin/../lib/gcc/arm-none-eabi/12.2.1/../../../../arm-none-eabi/lib/thumb/v6-m/nofp\libcr_semihost_nf.a(__ciob.o)
 .comment       0x00000045       0x46 c:/nxp/mcuxpressoide_11.8.0_1165/ide/plugins/com.nxp.mcuxpresso.tools.win32_11.8.0.202306131047/tools/bin/../lib/gcc/arm-none-eabi/12.2.1/../../../../arm-none-eabi/lib/thumb/v6-m/nofp\libcr_c.a(memcpy.o)
 .comment       0x00000045       0x46 c:/nxp/mcuxpressoide_11.8.0_1165/ide/plugins/com.nxp.mcuxpresso.tools.win32_11.8.0.202306131047/tools/bin/../lib/gcc/arm-none-eabi/12.2.1/../../../../arm-none-eabi/lib/thumb/v6-m/nofp\libcr_c.a(memset.o)
 .comment       0x00000045       0x46 c:/nxp/mcuxpressoide_11.8.0_1165/ide/plugins/com.nxp.mcuxpresso.tools.win32_11.8.0.202306131047/tools/bin/../lib/gcc/arm-none-eabi/12.2.1/../../../../arm-none-eabi/lib/thumb/v6-m/nofp\libcr_c.a(_deferredlazyseek.o)
 .comment       0x00000045       0x46 c:/nxp/mcuxpressoide_11.8.0_1165/ide/plugins/com.nxp.mcuxpresso.tools.win32_11.8.0.202306131047/tools/bin/../lib/gcc/arm-none-eabi/12.2.1/../../../../arm-none-eabi/lib/thumb/v6-m/nofp\libcr_c.a(_fflush.o)
 .comment       0x00000045       0x46 c:/nxp/mcuxpressoide_11.8.0_1165/ide/plugins/com.nxp.mcuxpresso.tools.win32_11.8.0.202306131047/tools/bin/../lib/gcc/arm-none-eabi/12.2.1/../../../../arm-none-eabi/lib/thumb/v6-m/nofp\libcr_c.a(_writebuf.o)
 .comment       0x00000045       0x46 c:/nxp/mcuxpressoide_11.8.0_1165/ide/plugins/com.nxp.mcuxpresso.tools.win32_11.8.0.202306131047/tools/bin/../lib/gcc/arm-none-eabi/12.2.1/../../../../arm-none-eabi/lib/thumb/v6-m/nofp\libcr_c.a(alloc.o)
 .comment       0x00000045       0x46 c:/nxp/mcuxpressoide_11.8.0_1165/ide/plugins/com.nxp.mcuxpresso.tools.win32_11.8.0.202306131047/tools/bin/../lib/gcc/arm-none-eabi/12.2.1/../../../../arm-none-eabi/lib/thumb/v6-m/nofp\libcr_c.a(fpprintf.o)
 .comment       0x00000045       0x46 c:/nxp/mcuxpressoide_11.8.0_1165/ide/plugins/com.nxp.mcuxpresso.tools.win32_11.8.0.202306131047/tools/bin/../lib/gcc/arm-none-eabi/12.2.1/../../../../arm-none-eabi/lib/thumb/v6-m/nofp\libcr_c.a(fputs.o)
 .comment       0x00000045       0x46 c:/nxp/mcuxpressoide_11.8.0_1165/ide/plugins/com.nxp.mcuxpresso.tools.win32_11.8.0.202306131047/tools/bin/../lib/gcc/arm-none-eabi/12.2.1/../../../../arm-none-eabi/lib/thumb/v6-m/nofp\libcr_c.a(fseek.o)
 .comment       0x00000045       0x46 c:/nxp/mcuxpressoide_11.8.0_1165/ide/plugins/com.nxp.mcuxpresso.tools.win32_11.8.0.202306131047/tools/bin/../lib/gcc/arm-none-eabi/12.2.1/../../../../arm-none-eabi/lib/thumb/v6-m/nofp\libcr_c.a(ftell.o)
 .comment       0x00000045       0x46 c:/nxp/mcuxpressoide_11.8.0_1165/ide/plugins/com.nxp.mcuxpresso.tools.win32_11.8.0.202306131047/tools/bin/../lib/gcc/arm-none-eabi/12.2.1/../../../../arm-none-eabi/lib/thumb/v6-m/nofp\libcr_c.a(initio.o)
 .comment       0x00000045       0x46 c:/nxp/mcuxpressoide_11.8.0_1165/ide/plugins/com.nxp.mcuxpresso.tools.win32_11.8.0.202306131047/tools/bin/../lib/gcc/arm-none-eabi/12.2.1/../../../../arm-none-eabi/lib/thumb/v6-m/nofp\libcr_c.a(printf.o)
 .comment       0x00000045       0x46 c:/nxp/mcuxpressoide_11.8.0_1165/ide/plugins/com.nxp.mcuxpresso.tools.win32_11.8.0.202306131047/tools/bin/../lib/gcc/arm-none-eabi/12.2.1/../../../../arm-none-eabi/lib/thumb/v6-m/nofp\libcr_c.a(setvbuf.o)
 .comment       0x00000045       0x46 c:/nxp/mcuxpressoide_11.8.0_1165/ide/plugins/com.nxp.mcuxpresso.tools.win32_11.8.0.202306131047/tools/bin/../lib/gcc/arm-none-eabi/12.2.1/../../../../arm-none-eabi/lib/thumb/v6-m/nofp\libcr_c.a(strlen.o)
 .comment       0x00000045       0x46 c:/nxp/mcuxpressoide_11.8.0_1165/ide/plugins/com.nxp.mcuxpresso.tools.win32_11.8.0.202306131047/tools/bin/../lib/gcc/arm-none-eabi/12.2.1/../../../../arm-none-eabi/lib/thumb/v6-m/nofp\libcr_c.a(__init_alloc.o)
 .comment       0x00000045       0x46 c:/nxp/mcuxpressoide_11.8.0_1165/ide/plugins/com.nxp.mcuxpresso.tools.win32_11.8.0.202306131047/tools/bin/../lib/gcc/arm-none-eabi/12.2.1/../../../../arm-none-eabi/lib/thumb/v6-m/nofp\libcr_c.a(_cr_sbrk.o)
 .comment       0x00000045       0x46 c:/nxp/mcuxpressoide_11.8.0_1165/ide/plugins/com.nxp.mcuxpresso.tools.win32_11.8.0.202306131047/tools/bin/../lib/gcc/arm-none-eabi/12.2.1/../../../../arm-none-eabi/lib/thumb/v6-m/nofp\libcr_c.a(_fdopen.o)
 .comment       0x00000045       0x46 c:/nxp/mcuxpressoide_11.8.0_1165/ide/plugins/com.nxp.mcuxpresso.tools.win32_11.8.0.202306131047/tools/bin/../lib/gcc/arm-none-eabi/12.2.1/../../../../arm-none-eabi/lib/thumb/v6-m/nofp\libcr_c.a(_frexpl.o)
 .comment       0x00000045       0x46 c:/nxp/mcuxpressoide_11.8.0_1165/ide/plugins/com.nxp.mcuxpresso.tools.win32_11.8.0.202306131047/tools/bin/../lib/gcc/arm-none-eabi/12.2.1/../../../../arm-none-eabi/lib/thumb/v6-m/nofp\libcr_c.a(_ldexpl.o)
 .comment       0x00000045       0x46 c:/nxp/mcuxpressoide_11.8.0_1165/ide/plugins/com.nxp.mcuxpresso.tools.win32_11.8.0.202306131047/tools/bin/../lib/gcc/arm-none-eabi/12.2.1/../../../../arm-none-eabi/lib/thumb/v6-m/nofp\libcr_c.a(errno.o)
 .comment       0x00000045       0x46 c:/nxp/mcuxpressoide_11.8.0_1165/ide/plugins/com.nxp.mcuxpresso.tools.win32_11.8.0.202306131047/tools/bin/../lib/gcc/arm-none-eabi/12.2.1/../../../../arm-none-eabi/lib/thumb/v6-m/nofp\libcr_c.a(fclose.o)
 .comment       0x00000045       0x46 c:/nxp/mcuxpressoide_11.8.0_1165/ide/plugins/com.nxp.mcuxpresso.tools.win32_11.8.0.202306131047/tools/bin/../lib/gcc/arm-none-eabi/12.2.1/../../../../arm-none-eabi/lib/thumb/v6-m/nofp\libcr_c.a(fflush.o)
 .comment       0x00000045       0x46 c:/nxp/mcuxpressoide_11.8.0_1165/ide/plugins/com.nxp.mcuxpresso.tools.win32_11.8.0.202306131047/tools/bin/../lib/gcc/arm-none-eabi/12.2.1/../../../../arm-none-eabi/lib/thumb/v6-m/nofp\libcr_c.a(remove.o)
 .comment       0x00000045       0x46 c:/nxp/mcuxpressoide_11.8.0_1165/ide/plugins/com.nxp.mcuxpresso.tools.win32_11.8.0.202306131047/tools/bin/../lib/gcc/arm-none-eabi/12.2.1/../../../../arm-none-eabi/lib/thumb/v6-m/nofp\libcr_c.a(_cr_check_heap.o)
 .comment       0x00000045       0x46 c:/nxp/mcuxpressoide_11.8.0_1165/ide/plugins/com.nxp.mcuxpresso.tools.win32_11.8.0.202306131047/tools/bin/../lib/gcc/arm-none-eabi/12.2.1/../../../../arm-none-eabi/lib/thumb/v6-m/nofp\libcr_c.a(_do_fflush.o)
 .comment       0x00000045       0x46 c:/nxp/mcuxpressoide_11.8.0_1165/ide/plugins/com.nxp.mcuxpresso.tools.win32_11.8.0.202306131047/tools/bin/../lib/gcc/arm-none-eabi/12.2.1/thumb/v6-m/nofp\libcr_eabihelpers.a(double.o)

.ARM.attributes
                0x00000000       0x2a
 .ARM.attributes
                0x00000000       0x2c ./startup/startup_mkl27z644.o
 .ARM.attributes
                0x0000002c       0x2c ./source/delay/delay.o
 .ARM.attributes
                0x00000058       0x2c ./source/LiquidCrystal_I2C.o
 .ARM.attributes
                0x00000084       0x2c ./source/bmp280.o
 .ARM.attributes
                0x000000b0       0x2c ./source/mtb.o
 .ARM.attributes
                0x000000dc       0x2c ./source/semihost_hardfault.o
 .ARM.attributes
                0x00000108       0x2c ./source/temperature.o
 .ARM.attributes
                0x00000134       0x2c ./drivers/fsl_clock.o
 .ARM.attributes
                0x00000160       0x2c ./drivers/fsl_gpio.o
 .ARM.attributes
                0x0000018c       0x2c ./drivers/fsl_i2c.o
 .ARM.attributes
                0x000001b8       0x2c ./drivers/fsl_lpuart.o
 .ARM.attributes
                0x000001e4       0x2c ./device/system_MKL27Z644.o
 .ARM.attributes
                0x00000210       0x2c ./board/boards/board.o
 .ARM.attributes
                0x0000023c       0x2c ./board/boards/clock_config.o
 .ARM.attributes
                0x00000268       0x2c ./board/boards/peripherals.o
 .ARM.attributes
                0x00000294       0x2c ./board/boards/pin_mux.o
 .ARM.attributes
                0x000002c0       0x2c c:/nxp/mcuxpressoide_11.8.0_1165/ide/plugins/com.nxp.mcuxpresso.tools.win32_11.8.0.202306131047/tools/bin/../lib/gcc/arm-none-eabi/12.2.1/../../../../arm-none-eabi/lib/thumb/v6-m/nofp\libcr_semihost_nf.a(_cr__main.o)
 .ARM.attributes
                0x000002ec       0x2c c:/nxp/mcuxpressoide_11.8.0_1165/ide/plugins/com.nxp.mcuxpresso.tools.win32_11.8.0.202306131047/tools/bin/../lib/gcc/arm-none-eabi/12.2.1/../../../../arm-none-eabi/lib/thumb/v6-m/nofp\libcr_semihost_nf.a(_cr_assert.o)
 .ARM.attributes
                0x00000318       0x2c c:/nxp/mcuxpressoide_11.8.0_1165/ide/plugins/com.nxp.mcuxpresso.tools.win32_11.8.0.202306131047/tools/bin/../lib/gcc/arm-none-eabi/12.2.1/../../../../arm-none-eabi/lib/thumb/v6-m/nofp\libcr_semihost_nf.a(__ciob.o)
 .ARM.attributes
                0x00000344       0x1c c:/nxp/mcuxpressoide_11.8.0_1165/ide/plugins/com.nxp.mcuxpresso.tools.win32_11.8.0.202306131047/tools/bin/../lib/gcc/arm-none-eabi/12.2.1/../../../../arm-none-eabi/lib/thumb/v6-m/nofp\libcr_semihost_nf.a(__sys_appexit.o)
 .ARM.attributes
                0x00000360       0x2c c:/nxp/mcuxpressoide_11.8.0_1165/ide/plugins/com.nxp.mcuxpresso.tools.win32_11.8.0.202306131047/tools/bin/../lib/gcc/arm-none-eabi/12.2.1/../../../../arm-none-eabi/lib/thumb/v6-m/nofp\libcr_c.a(memcpy.o)
 .ARM.attributes
                0x0000038c       0x2c c:/nxp/mcuxpressoide_11.8.0_1165/ide/plugins/com.nxp.mcuxpresso.tools.win32_11.8.0.202306131047/tools/bin/../lib/gcc/arm-none-eabi/12.2.1/../../../../arm-none-eabi/lib/thumb/v6-m/nofp\libcr_c.a(memset.o)
 .ARM.attributes
                0x000003b8       0x2c c:/nxp/mcuxpressoide_11.8.0_1165/ide/plugins/com.nxp.mcuxpresso.tools.win32_11.8.0.202306131047/tools/bin/../lib/gcc/arm-none-eabi/12.2.1/../../../../arm-none-eabi/lib/thumb/v6-m/nofp\libcr_c.a(_deferredlazyseek.o)
 .ARM.attributes
                0x000003e4       0x2c c:/nxp/mcuxpressoide_11.8.0_1165/ide/plugins/com.nxp.mcuxpresso.tools.win32_11.8.0.202306131047/tools/bin/../lib/gcc/arm-none-eabi/12.2.1/../../../../arm-none-eabi/lib/thumb/v6-m/nofp\libcr_c.a(_fflush.o)
 .ARM.attributes
                0x00000410       0x2c c:/nxp/mcuxpressoide_11.8.0_1165/ide/plugins/com.nxp.mcuxpresso.tools.win32_11.8.0.202306131047/tools/bin/../lib/gcc/arm-none-eabi/12.2.1/../../../../arm-none-eabi/lib/thumb/v6-m/nofp\libcr_c.a(_writebuf.o)
 .ARM.attributes
                0x0000043c       0x2c c:/nxp/mcuxpressoide_11.8.0_1165/ide/plugins/com.nxp.mcuxpresso.tools.win32_11.8.0.202306131047/tools/bin/../lib/gcc/arm-none-eabi/12.2.1/../../../../arm-none-eabi/lib/thumb/v6-m/nofp\libcr_c.a(alloc.o)
 .ARM.attributes
                0x00000468       0x2c c:/nxp/mcuxpressoide_11.8.0_1165/ide/plugins/com.nxp.mcuxpresso.tools.win32_11.8.0.202306131047/tools/bin/../lib/gcc/arm-none-eabi/12.2.1/../../../../arm-none-eabi/lib/thumb/v6-m/nofp\libcr_c.a(fpprintf.o)
 .ARM.attributes
                0x00000494       0x2c c:/nxp/mcuxpressoide_11.8.0_1165/ide/plugins/com.nxp.mcuxpresso.tools.win32_11.8.0.202306131047/tools/bin/../lib/gcc/arm-none-eabi/12.2.1/../../../../arm-none-eabi/lib/thumb/v6-m/nofp\libcr_c.a(fputs.o)
 .ARM.attributes
                0x000004c0       0x2c c:/nxp/mcuxpressoide_11.8.0_1165/ide/plugins/com.nxp.mcuxpresso.tools.win32_11.8.0.202306131047/tools/bin/../lib/gcc/arm-none-eabi/12.2.1/../../../../arm-none-eabi/lib/thumb/v6-m/nofp\libcr_c.a(fseek.o)
 .ARM.attributes
                0x000004ec       0x2c c:/nxp/mcuxpressoide_11.8.0_1165/ide/plugins/com.nxp.mcuxpresso.tools.win32_11.8.0.202306131047/tools/bin/../lib/gcc/arm-none-eabi/12.2.1/../../../../arm-none-eabi/lib/thumb/v6-m/nofp\libcr_c.a(ftell.o)
 .ARM.attributes
                0x00000518       0x2c c:/nxp/mcuxpressoide_11.8.0_1165/ide/plugins/com.nxp.mcuxpresso.tools.win32_11.8.0.202306131047/tools/bin/../lib/gcc/arm-none-eabi/12.2.1/../../../../arm-none-eabi/lib/thumb/v6-m/nofp\libcr_c.a(initio.o)
 .ARM.attributes
                0x00000544       0x2c c:/nxp/mcuxpressoide_11.8.0_1165/ide/plugins/com.nxp.mcuxpresso.tools.win32_11.8.0.202306131047/tools/bin/../lib/gcc/arm-none-eabi/12.2.1/../../../../arm-none-eabi/lib/thumb/v6-m/nofp\libcr_c.a(printf.o)
 .ARM.attributes
                0x00000570       0x2c c:/nxp/mcuxpressoide_11.8.0_1165/ide/plugins/com.nxp.mcuxpresso.tools.win32_11.8.0.202306131047/tools/bin/../lib/gcc/arm-none-eabi/12.2.1/../../../../arm-none-eabi/lib/thumb/v6-m/nofp\libcr_c.a(setvbuf.o)
 .ARM.attributes
                0x0000059c       0x2c c:/nxp/mcuxpressoide_11.8.0_1165/ide/plugins/com.nxp.mcuxpresso.tools.win32_11.8.0.202306131047/tools/bin/../lib/gcc/arm-none-eabi/12.2.1/../../../../arm-none-eabi/lib/thumb/v6-m/nofp\libcr_c.a(strlen.o)
 .ARM.attributes
                0x000005c8       0x2c c:/nxp/mcuxpressoide_11.8.0_1165/ide/plugins/com.nxp.mcuxpresso.tools.win32_11.8.0.202306131047/tools/bin/../lib/gcc/arm-none-eabi/12.2.1/../../../../arm-none-eabi/lib/thumb/v6-m/nofp\libcr_c.a(__init_alloc.o)
 .ARM.attributes
                0x000005f4       0x2c c:/nxp/mcuxpressoide_11.8.0_1165/ide/plugins/com.nxp.mcuxpresso.tools.win32_11.8.0.202306131047/tools/bin/../lib/gcc/arm-none-eabi/12.2.1/../../../../arm-none-eabi/lib/thumb/v6-m/nofp\libcr_c.a(_cr_sbrk.o)
 .ARM.attributes
                0x00000620       0x2c c:/nxp/mcuxpressoide_11.8.0_1165/ide/plugins/com.nxp.mcuxpresso.tools.win32_11.8.0.202306131047/tools/bin/../lib/gcc/arm-none-eabi/12.2.1/../../../../arm-none-eabi/lib/thumb/v6-m/nofp\libcr_c.a(_fdopen.o)
 .ARM.attributes
                0x0000064c       0x2c c:/nxp/mcuxpressoide_11.8.0_1165/ide/plugins/com.nxp.mcuxpresso.tools.win32_11.8.0.202306131047/tools/bin/../lib/gcc/arm-none-eabi/12.2.1/../../../../arm-none-eabi/lib/thumb/v6-m/nofp\libcr_c.a(_frexpl.o)
 .ARM.attributes
                0x00000678       0x2c c:/nxp/mcuxpressoide_11.8.0_1165/ide/plugins/com.nxp.mcuxpresso.tools.win32_11.8.0.202306131047/tools/bin/../lib/gcc/arm-none-eabi/12.2.1/../../../../arm-none-eabi/lib/thumb/v6-m/nofp\libcr_c.a(_ldexpl.o)
 .ARM.attributes
                0x000006a4       0x2c c:/nxp/mcuxpressoide_11.8.0_1165/ide/plugins/com.nxp.mcuxpresso.tools.win32_11.8.0.202306131047/tools/bin/../lib/gcc/arm-none-eabi/12.2.1/../../../../arm-none-eabi/lib/thumb/v6-m/nofp\libcr_c.a(errno.o)
 .ARM.attributes
                0x000006d0       0x2c c:/nxp/mcuxpressoide_11.8.0_1165/ide/plugins/com.nxp.mcuxpresso.tools.win32_11.8.0.202306131047/tools/bin/../lib/gcc/arm-none-eabi/12.2.1/../../../../arm-none-eabi/lib/thumb/v6-m/nofp\libcr_c.a(fclose.o)
 .ARM.attributes
                0x000006fc       0x2c c:/nxp/mcuxpressoide_11.8.0_1165/ide/plugins/com.nxp.mcuxpresso.tools.win32_11.8.0.202306131047/tools/bin/../lib/gcc/arm-none-eabi/12.2.1/../../../../arm-none-eabi/lib/thumb/v6-m/nofp\libcr_c.a(fflush.o)
 .ARM.attributes
                0x00000728       0x2c c:/nxp/mcuxpressoide_11.8.0_1165/ide/plugins/com.nxp.mcuxpresso.tools.win32_11.8.0.202306131047/tools/bin/../lib/gcc/arm-none-eabi/12.2.1/../../../../arm-none-eabi/lib/thumb/v6-m/nofp\libcr_c.a(remove.o)
 .ARM.attributes
                0x00000754       0x2c c:/nxp/mcuxpressoide_11.8.0_1165/ide/plugins/com.nxp.mcuxpresso.tools.win32_11.8.0.202306131047/tools/bin/../lib/gcc/arm-none-eabi/12.2.1/../../../../arm-none-eabi/lib/thumb/v6-m/nofp\libcr_c.a(_cr_check_heap.o)
 .ARM.attributes
                0x00000780       0x2c c:/nxp/mcuxpressoide_11.8.0_1165/ide/plugins/com.nxp.mcuxpresso.tools.win32_11.8.0.202306131047/tools/bin/../lib/gcc/arm-none-eabi/12.2.1/../../../../arm-none-eabi/lib/thumb/v6-m/nofp\libcr_c.a(_do_fflush.o)
 .ARM.attributes
                0x000007ac       0x1c c:/nxp/mcuxpressoide_11.8.0_1165/ide/plugins/com.nxp.mcuxpresso.tools.win32_11.8.0.202306131047/tools/bin/../lib/gcc/arm-none-eabi/12.2.1/thumb/v6-m/nofp\libcr_eabihelpers.a(division_32.o)
 .ARM.attributes
                0x000007c8       0x1c c:/nxp/mcuxpressoide_11.8.0_1165/ide/plugins/com.nxp.mcuxpresso.tools.win32_11.8.0.202306131047/tools/bin/../lib/gcc/arm-none-eabi/12.2.1/thumb/v6-m/nofp\libcr_eabihelpers.a(division_idiv0.o)
 .ARM.attributes
                0x000007e4       0x2c c:/nxp/mcuxpressoide_11.8.0_1165/ide/plugins/com.nxp.mcuxpresso.tools.win32_11.8.0.202306131047/tools/bin/../lib/gcc/arm-none-eabi/12.2.1/thumb/v6-m/nofp\libcr_eabihelpers.a(double.o)
 .ARM.attributes
                0x00000810       0x1c c:/nxp/mcuxpressoide_11.8.0_1165/ide/plugins/com.nxp.mcuxpresso.tools.win32_11.8.0.202306131047/tools/bin/../lib/gcc/arm-none-eabi/12.2.1/thumb/v6-m/nofp\libcr_eabihelpers.a(llong.o)
 .ARM.attributes
                0x0000082c       0x1c c:/nxp/mcuxpressoide_11.8.0_1165/ide/plugins/com.nxp.mcuxpresso.tools.win32_11.8.0.202306131047/tools/bin/../lib/gcc/arm-none-eabi/12.2.1/thumb/v6-m/nofp\libcr_eabihelpers.a(memcpy.o)
 .ARM.attributes
                0x00000848       0x1c c:/nxp/mcuxpressoide_11.8.0_1165/ide/plugins/com.nxp.mcuxpresso.tools.win32_11.8.0.202306131047/tools/bin/../lib/gcc/arm-none-eabi/12.2.1/thumb/v6-m/nofp\libcr_eabihelpers.a(thumb1_switch_helpers.o)
 .ARM.attributes
                0x00000864       0x1c c:/nxp/mcuxpressoide_11.8.0_1165/ide/plugins/com.nxp.mcuxpresso.tools.win32_11.8.0.202306131047/tools/bin/../lib/gcc/arm-none-eabi/12.2.1/../../../../arm-none-eabi/lib/thumb/v6-m/nofp\libcr_semihost_nf.a(__sys_close.o)
 .ARM.attributes
                0x00000880       0x1c c:/nxp/mcuxpressoide_11.8.0_1165/ide/plugins/com.nxp.mcuxpresso.tools.win32_11.8.0.202306131047/tools/bin/../lib/gcc/arm-none-eabi/12.2.1/../../../../arm-none-eabi/lib/thumb/v6-m/nofp\libcr_semihost_nf.a(__sys_flen.o)
 .ARM.attributes
                0x0000089c       0x1c c:/nxp/mcuxpressoide_11.8.0_1165/ide/plugins/com.nxp.mcuxpresso.tools.win32_11.8.0.202306131047/tools/bin/../lib/gcc/arm-none-eabi/12.2.1/../../../../arm-none-eabi/lib/thumb/v6-m/nofp\libcr_semihost_nf.a(__sys_istty.o)
 .ARM.attributes
                0x000008b8       0x1c c:/nxp/mcuxpressoide_11.8.0_1165/ide/plugins/com.nxp.mcuxpresso.tools.win32_11.8.0.202306131047/tools/bin/../lib/gcc/arm-none-eabi/12.2.1/../../../../arm-none-eabi/lib/thumb/v6-m/nofp\libcr_semihost_nf.a(__sys_remove.o)
 .ARM.attributes
                0x000008d4       0x1c c:/nxp/mcuxpressoide_11.8.0_1165/ide/plugins/com.nxp.mcuxpresso.tools.win32_11.8.0.202306131047/tools/bin/../lib/gcc/arm-none-eabi/12.2.1/../../../../arm-none-eabi/lib/thumb/v6-m/nofp\libcr_semihost_nf.a(__sys_seek.o)
 .ARM.attributes
                0x000008f0       0x1c c:/nxp/mcuxpressoide_11.8.0_1165/ide/plugins/com.nxp.mcuxpresso.tools.win32_11.8.0.202306131047/tools/bin/../lib/gcc/arm-none-eabi/12.2.1/../../../../arm-none-eabi/lib/thumb/v6-m/nofp\libcr_semihost_nf.a(__sys_tmpnam.o)
 .ARM.attributes
                0x0000090c       0x1c c:/nxp/mcuxpressoide_11.8.0_1165/ide/plugins/com.nxp.mcuxpresso.tools.win32_11.8.0.202306131047/tools/bin/../lib/gcc/arm-none-eabi/12.2.1/../../../../arm-none-eabi/lib/thumb/v6-m/nofp\libcr_semihost_nf.a(__sys_write.o)

.debug_frame    0x00000000     0x1eac
 .debug_frame   0x00000000      0x3b0 ./startup/startup_mkl27z644.o
 .debug_frame   0x000003b0       0x50 ./source/delay/delay.o
 .debug_frame   0x00000400      0x348 ./source/LiquidCrystal_I2C.o
 .debug_frame   0x00000748      0x2f4 ./source/bmp280.o
 .debug_frame   0x00000a3c       0x20 ./source/semihost_hardfault.o
 .debug_frame   0x00000a5c      0x1c8 ./source/temperature.o
 .debug_frame   0x00000c24      0x2e8 ./drivers/fsl_clock.o
 .debug_frame   0x00000f0c      0x150 ./drivers/fsl_gpio.o
 .debug_frame   0x0000105c      0x58c ./drivers/fsl_i2c.o
 .debug_frame   0x000015e8      0x428 ./drivers/fsl_lpuart.o
 .debug_frame   0x00001a10       0x68 ./device/system_MKL27Z644.o
 .debug_frame   0x00001a78       0x70 ./board/boards/board.o
 .debug_frame   0x00001ae8      0x1a0 ./board/boards/clock_config.o
 .debug_frame   0x00001c88       0x64 ./board/boards/peripherals.o
 .debug_frame   0x00001cec      0x1c0 ./board/boards/pin_mux.o

Cross Reference Table

Symbol                                            File
ADC0_DriverIRQHandler                             ./startup/startup_mkl27z644.o
ADC0_IRQHandler                                   ./startup/startup_mkl27z644.o
BOARD_BootClockRUN                                ./board/boards/clock_config.o
BOARD_BootClockVLPR                               ./board/boards/clock_config.o
BOARD_InitACCEL_I2CPins                           ./board/boards/pin_mux.o
BOARD_InitBootClocks                              ./board/boards/clock_config.o
                                                  ./source/temperature.o
BOARD_InitBootPeripherals                         ./board/boards/peripherals.o
                                                  ./source/temperature.o
BOARD_InitBootPins                                ./board/boards/pin_mux.o
                                                  ./source/temperature.o
BOARD_InitButtonsPins                             ./board/boards/pin_mux.o
BOARD_InitDEBUG_UARTPins                          ./board/boards/pin_mux.o
BOARD_InitDebugConsole                            ./board/boards/board.o
                                                  ./source/temperature.o
BOARD_InitLEDsPins                                ./board/boards/pin_mux.o
                                                  ./source/temperature.o
BOARD_InitMAGNET_I2CPins                          ./board/boards/pin_mux.o
BOARD_InitOSCPins                                 ./board/boards/pin_mux.o
BOARD_InitPeripherals                             ./board/boards/peripherals.o
BOARD_InitPins                                    ./board/boards/pin_mux.o
BOARD_InitTHERPins                                ./board/boards/pin_mux.o
BOARD_InitTSIPins                                 ./board/boards/pin_mux.o
BOARD_InitUSBPins                                 ./board/boards/pin_mux.o
CLOCK_DeinitOsc0                                  ./drivers/fsl_clock.o
CLOCK_EnableUsbfs0Clock                           ./drivers/fsl_clock.o
                                                  ./board/boards/clock_config.o
CLOCK_GetBusClkFreq                               ./drivers/fsl_clock.o
CLOCK_GetCoreSysClkFreq                           ./drivers/fsl_clock.o
CLOCK_GetEr32kClkFreq                             ./drivers/fsl_clock.o
CLOCK_GetFlashClkFreq                             ./drivers/fsl_clock.o
CLOCK_GetFreq                                     ./drivers/fsl_clock.o
                                                  ./board/boards/peripherals.o
                                                  ./source/temperature.o
CLOCK_GetInternalRefClkFreq                       ./drivers/fsl_clock.o
CLOCK_GetMode                                     ./drivers/fsl_clock.o
CLOCK_GetOsc0ErClkFreq                            ./drivers/fsl_clock.o
CLOCK_GetOutClkFreq                               ./drivers/fsl_clock.o
CLOCK_GetPeriphClkFreq                            ./drivers/fsl_clock.o
                                                  ./board/boards/board.o
CLOCK_GetPlatClkFreq                              ./drivers/fsl_clock.o
CLOCK_InitOsc0                                    ./drivers/fsl_clock.o
                                                  ./board/boards/clock_config.o
CLOCK_SetMcgliteConfig                            ./drivers/fsl_clock.o
                                                  ./board/boards/clock_config.o
CLOCK_SetSimConfig                                ./drivers/fsl_clock.o
                                                  ./board/boards/clock_config.o
CMP0_DriverIRQHandler                             ./startup/startup_mkl27z644.o
CMP0_IRQHandler                                   ./startup/startup_mkl27z644.o
DMA0_DriverIRQHandler                             ./startup/startup_mkl27z644.o
DMA0_IRQHandler                                   ./startup/startup_mkl27z644.o
DMA1_DriverIRQHandler                             ./startup/startup_mkl27z644.o
DMA1_IRQHandler                                   ./startup/startup_mkl27z644.o
DMA2_DriverIRQHandler                             ./startup/startup_mkl27z644.o
DMA2_IRQHandler                                   ./startup/startup_mkl27z644.o
DMA3_DriverIRQHandler                             ./startup/startup_mkl27z644.o
DMA3_IRQHandler                                   ./startup/startup_mkl27z644.o
DbgConsole_ReadCharacter                          ./utilities/fsl_debug_console.o
DbgConsole_ReadLine                               ./utilities/fsl_debug_console.o
DbgConsole_ReadOneCharacter                       ./utilities/fsl_debug_console.o
DbgConsole_SendData                               ./utilities/fsl_debug_console.o
DbgConsole_SendDataReliable                       ./utilities/fsl_debug_console.o
FGPIO_PinInit                                     ./drivers/fsl_gpio.o
FGPIO_PortClearInterruptFlags                     ./drivers/fsl_gpio.o
FGPIO_PortGetInterruptFlags                       ./drivers/fsl_gpio.o
FTFA_DriverIRQHandler                             ./startup/startup_mkl27z644.o
FTFA_IRQHandler                                   ./startup/startup_mkl27z644.o
Flash_Config                                      ./startup/startup_mkl27z644.o
GPIO_PinInit                                      ./drivers/fsl_gpio.o
                                                  ./board/boards/pin_mux.o
GPIO_PortClearInterruptFlags                      ./drivers/fsl_gpio.o
GPIO_PortGetInterruptFlags                        ./drivers/fsl_gpio.o
HAL_UartDeinit                                    ./component/uart/lpuart_adapter.o
                                                  ./component/serial_manager/serial_port_uart.o
HAL_UartEnterLowpower                             ./component/uart/lpuart_adapter.o
                                                  ./component/serial_manager/serial_port_uart.o
HAL_UartExitLowpower                              ./component/uart/lpuart_adapter.o
                                                  ./component/serial_manager/serial_port_uart.o
HAL_UartInit                                      ./component/uart/lpuart_adapter.o
                                                  ./component/serial_manager/serial_port_uart.o
HAL_UartReceiveBlocking                           ./component/uart/lpuart_adapter.o