C:\Users\Allo\Documents\MCUXpressoIDE_11.8.0_1165\workspace\TP3.3\BMP280+afficheur 7 segments (1).zip_expanded\BMP280+afficheur 7 segments\CMSIS/core_cm0plus.h:741:22:__NVIC_EnableIRQ	16	static
C:\Users\Allo\Documents\MCUXpressoIDE_11.8.0_1165\workspace\TP3.3\BMP280+afficheur 7 segments (1).zip_expanded\BMP280+afficheur 7 segments\drivers/fsl_clock.h:476:20:CLOCK_SetTpmClock	16	static
C:\Users\Allo\Documents\MCUXpressoIDE_11.8.0_1165\workspace\TP3.3\BMP280+afficheur 7 segments (1).zip_expanded\BMP280+afficheur 7 segments\drivers/fsl_common.h:484:28:EnableIRQ	16	static
C:\Users\Allo\Documents\MCUXpressoIDE_11.8.0_1165\workspace\TP3.3\BMP280+afficheur 7 segments (1).zip_expanded\BMP280+afficheur 7 segments\drivers/fsl_tpm.h:526:20:TPM_ClearStatusFlags	16	static
C:\Users\Allo\Documents\MCUXpressoIDE_11.8.0_1165\workspace\TP3.3\BMP280+afficheur 7 segments (1).zip_expanded\BMP280+afficheur 7 segments\drivers/fsl_tpm.h:574:20:TPM_SetTimerPeriod	16	static
C:\Users\Allo\Documents\MCUXpressoIDE_11.8.0_1165\workspace\TP3.3\BMP280+afficheur 7 segments (1).zip_expanded\BMP280+afficheur 7 segments\drivers/fsl_tpm.h:608:20:TPM_StartTimer	24	static
C:\Users\Allo\Documents\MCUXpressoIDE_11.8.0_1165\workspace\TP3.3\BMP280+afficheur 7 segments (1).zip_expanded\BMP280+afficheur 7 segments\drivers/fsl_gpio.h:162:20:GPIO_PinWrite	32	static
../source/affichage.c:14:6:init	32	static
../source/affichage.c:67:6:writeDigit	32	static
../source/affichage.c:96:6:TPM2_IRQHandler	8	static
../source/affichage.c:111:6:writeNumber	32	static
