../source/LiquidCrystal_I2C.c:30:6:begin	8	static
../source/LiquidCrystal_I2C.c:91:6:clear	8	static
../source/LiquidCrystal_I2C.c:96:6:home	8	static
../source/LiquidCrystal_I2C.c:101:6:setCursor	40	static
../source/LiquidCrystal_I2C.c:110:6:noDisplay	8	static
../source/LiquidCrystal_I2C.c:114:6:display	8	static
../source/LiquidCrystal_I2C.c:120:6:noCursor	8	static
../source/LiquidCrystal_I2C.c:124:6:cursor	8	static
../source/LiquidCrystal_I2C.c:130:6:noBlink	8	static
../source/LiquidCrystal_I2C.c:135:6:blink	8	static
../source/LiquidCrystal_I2C.c:141:6:scrollDisplayLeft	8	static
../source/LiquidCrystal_I2C.c:144:6:scrollDisplayRight	8	static
../source/LiquidCrystal_I2C.c:149:6:leftToRight	8	static
../source/LiquidCrystal_I2C.c:155:6:rightToLeft	8	static
../source/LiquidCrystal_I2C.c:161:6:autoscroll	8	static
../source/LiquidCrystal_I2C.c:167:6:noAutoscroll	8	static
../source/LiquidCrystal_I2C.c:174:6:createChar	24	static
../source/LiquidCrystal_I2C.c:183:6:noBacklight	8	static
../source/LiquidCrystal_I2C.c:188:6:backlight	8	static
../source/LiquidCrystal_I2C.c:192:9:getBacklight	8	static
../source/LiquidCrystal_I2C.c:199:6:command	16	static
../source/LiquidCrystal_I2C.c:203:5:write	16	static
../source/LiquidCrystal_I2C.c:212:6:send	32	static
../source/LiquidCrystal_I2C.c:219:6:write4bits	16	static
../source/LiquidCrystal_I2C.c:224:10:expanderWrite	32	static
../source/LiquidCrystal_I2C.c:254:6:pulseEnable	16	static
../source/LiquidCrystal_I2C.c:262:9:print	16	static
../source/LiquidCrystal_I2C.c:268:5:printString	24	static
